Archive member included to satisfy reference by file (symbol)

/opt/st/stm32cubeide_1.10.1/plugins/com.st.stm32cube.ide.mcu.externaltools.gnu-tools-for-stm32.10.3-2021.10.linux64_1.0.0.202111181127/tools/bin/../lib/gcc/arm-none-eabi/10.3.1/../../../../arm-none-eabi/lib/thumb/v7e-m+dp/hard/libc_nano.a(lib_a-errno.o)
                              ./Core/Src/syscalls.o (__errno)
/opt/st/stm32cubeide_1.10.1/plugins/com.st.stm32cube.ide.mcu.externaltools.gnu-tools-for-stm32.10.3-2021.10.linux64_1.0.0.202111181127/tools/bin/../lib/gcc/arm-none-eabi/10.3.1/../../../../arm-none-eabi/lib/thumb/v7e-m+dp/hard/libc_nano.a(lib_a-exit.o)
                              /opt/st/stm32cubeide_1.10.1/plugins/com.st.stm32cube.ide.mcu.externaltools.gnu-tools-for-stm32.10.3-2021.10.linux64_1.0.0.202111181127/tools/bin/../lib/gcc/arm-none-eabi/10.3.1/../../../../arm-none-eabi/lib/thumb/v7e-m+dp/hard/crt0.o (exit)
/opt/st/stm32cubeide_1.10.1/plugins/com.st.stm32cube.ide.mcu.externaltools.gnu-tools-for-stm32.10.3-2021.10.linux64_1.0.0.202111181127/tools/bin/../lib/gcc/arm-none-eabi/10.3.1/../../../../arm-none-eabi/lib/thumb/v7e-m+dp/hard/libc_nano.a(lib_a-impure.o)
                              /opt/st/stm32cubeide_1.10.1/plugins/com.st.stm32cube.ide.mcu.externaltools.gnu-tools-for-stm32.10.3-2021.10.linux64_1.0.0.202111181127/tools/bin/../lib/gcc/arm-none-eabi/10.3.1/../../../../arm-none-eabi/lib/thumb/v7e-m+dp/hard/libc_nano.a(lib_a-exit.o) (_global_impure_ptr)
/opt/st/stm32cubeide_1.10.1/plugins/com.st.stm32cube.ide.mcu.externaltools.gnu-tools-for-stm32.10.3-2021.10.linux64_1.0.0.202111181127/tools/bin/../lib/gcc/arm-none-eabi/10.3.1/../../../../arm-none-eabi/lib/thumb/v7e-m+dp/hard/libc_nano.a(lib_a-init.o)
                              /opt/st/stm32cubeide_1.10.1/plugins/com.st.stm32cube.ide.mcu.externaltools.gnu-tools-for-stm32.10.3-2021.10.linux64_1.0.0.202111181127/tools/bin/../lib/gcc/arm-none-eabi/10.3.1/../../../../arm-none-eabi/lib/thumb/v7e-m+dp/hard/crt0.o (__libc_init_array)
/opt/st/stm32cubeide_1.10.1/plugins/com.st.stm32cube.ide.mcu.externaltools.gnu-tools-for-stm32.10.3-2021.10.linux64_1.0.0.202111181127/tools/bin/../lib/gcc/arm-none-eabi/10.3.1/../../../../arm-none-eabi/lib/thumb/v7e-m+dp/hard/libc_nano.a(lib_a-memset.o)
                              /opt/st/stm32cubeide_1.10.1/plugins/com.st.stm32cube.ide.mcu.externaltools.gnu-tools-for-stm32.10.3-2021.10.linux64_1.0.0.202111181127/tools/bin/../lib/gcc/arm-none-eabi/10.3.1/../../../../arm-none-eabi/lib/thumb/v7e-m+dp/hard/crt0.o (memset)
/opt/st/stm32cubeide_1.10.1/plugins/com.st.stm32cube.ide.mcu.externaltools.gnu-tools-for-stm32.10.3-2021.10.linux64_1.0.0.202111181127/tools/bin/../lib/gcc/arm-none-eabi/10.3.1/thumb/v7e-m+dp/hard/libgcc.a(_aeabi_uldivmod.o)
                              ./Drivers/STM32H7xx_HAL_Driver/Src/stm32h7xx_hal_uart.o (__aeabi_uldivmod)
/opt/st/stm32cubeide_1.10.1/plugins/com.st.stm32cube.ide.mcu.externaltools.gnu-tools-for-stm32.10.3-2021.10.linux64_1.0.0.202111181127/tools/bin/../lib/gcc/arm-none-eabi/10.3.1/thumb/v7e-m+dp/hard/libgcc.a(_udivmoddi4.o)
                              /opt/st/stm32cubeide_1.10.1/plugins/com.st.stm32cube.ide.mcu.externaltools.gnu-tools-for-stm32.10.3-2021.10.linux64_1.0.0.202111181127/tools/bin/../lib/gcc/arm-none-eabi/10.3.1/thumb/v7e-m+dp/hard/libgcc.a(_aeabi_uldivmod.o) (__udivmoddi4)
/opt/st/stm32cubeide_1.10.1/plugins/com.st.stm32cube.ide.mcu.externaltools.gnu-tools-for-stm32.10.3-2021.10.linux64_1.0.0.202111181127/tools/bin/../lib/gcc/arm-none-eabi/10.3.1/thumb/v7e-m+dp/hard/libgcc.a(_dvmd_tls.o)
                              /opt/st/stm32cubeide_1.10.1/plugins/com.st.stm32cube.ide.mcu.externaltools.gnu-tools-for-stm32.10.3-2021.10.linux64_1.0.0.202111181127/tools/bin/../lib/gcc/arm-none-eabi/10.3.1/thumb/v7e-m+dp/hard/libgcc.a(_aeabi_uldivmod.o) (__aeabi_ldiv0)

Discarded input sections

 .text          0x0000000000000000        0x0 /opt/st/stm32cubeide_1.10.1/plugins/com.st.stm32cube.ide.mcu.externaltools.gnu-tools-for-stm32.10.3-2021.10.linux64_1.0.0.202111181127/tools/bin/../lib/gcc/arm-none-eabi/10.3.1/thumb/v7e-m+dp/hard/crti.o
 .data          0x0000000000000000        0x0 /opt/st/stm32cubeide_1.10.1/plugins/com.st.stm32cube.ide.mcu.externaltools.gnu-tools-for-stm32.10.3-2021.10.linux64_1.0.0.202111181127/tools/bin/../lib/gcc/arm-none-eabi/10.3.1/thumb/v7e-m+dp/hard/crti.o
 .bss           0x0000000000000000        0x0 /opt/st/stm32cubeide_1.10.1/plugins/com.st.stm32cube.ide.mcu.externaltools.gnu-tools-for-stm32.10.3-2021.10.linux64_1.0.0.202111181127/tools/bin/../lib/gcc/arm-none-eabi/10.3.1/thumb/v7e-m+dp/hard/crti.o
 .data          0x0000000000000000        0x4 /opt/st/stm32cubeide_1.10.1/plugins/com.st.stm32cube.ide.mcu.externaltools.gnu-tools-for-stm32.10.3-2021.10.linux64_1.0.0.202111181127/tools/bin/../lib/gcc/arm-none-eabi/10.3.1/thumb/v7e-m+dp/hard/crtbegin.o
[...]
Memory Configuration

Name             Origin             Length             Attributes
ITCMRAM          0x0000000000000000 0x0000000000010000 xrw
FLASH            0x0000000008000000 0x0000000000200000 xr
DTCMRAM1         0x0000000020000000 0x0000000000010000 xrw
DTCMRAM2         0x0000000020010000 0x0000000000010000 xrw
RAM              0x0000000024000000 0x0000000000100000 xrw
RAM_CD           0x0000000030000000 0x0000000000020000 xrw
RAM_SRD          0x0000000038000000 0x0000000000008000 xrw
*default*        0x0000000000000000 0xffffffffffffffff

Linker script and memory map

LOAD /opt/st/stm32cubeide_1.10.1/plugins/com.st.stm32cube.ide.mcu.externaltools.gnu-tools-for-stm32.10.3-2021.10.linux64_1.0.0.202111181127/tools/bin/../lib/gcc/arm-none-eabi/10.3.1/thumb/v7e-m+dp/hard/crti.o
LOAD /opt/st/stm32cubeide_1.10.1/plugins/com.st.stm32cube.ide.mcu.externaltools.gnu-tools-for-stm32.10.3-2021.10.linux64_1.0.0.202111181127/tools/bin/../lib/gcc/arm-none-eabi/10.3.1/thumb/v7e-m+dp/hard/crtbegin.o
LOAD /opt/st/stm32cubeide_1.10.1/plugins/com.st.stm32cube.ide.mcu.externaltools.gnu-tools-for-stm32.10.3-2021.10.linux64_1.0.0.202111181127/tools/bin/../lib/gcc/arm-none-eabi/10.3.1/../../../../arm-none-eabi/lib/thumb/v7e-m+dp/hard/crt0.o
LOAD ./Core/Src/fmc.o
LOAD ./Core/Src/gpio.o
LOAD ./Core/Src/i2c.o
LOAD ./Core/Src/i2s.o
LOAD ./Core/Src/ltdc.o
LOAD ./Core/Src/main.o
LOAD ./Core/Src/octospi.o
LOAD ./Core/Src/rtc.o
LOAD ./Core/Src/sdmmc.o
LOAD ./Core/Src/spi.o
LOAD ./Core/Src/stm32h7xx_hal_msp.o
LOAD ./Core/Src/stm32h7xx_it.o
LOAD ./Core/Src/syscalls.o
LOAD ./Core/Src/sysmem.o
LOAD ./Core/Src/system_stm32h7xx.o
LOAD ./Core/Src/usart.o
LOAD ./Core/Startup/startup_stm32h7b3lihxq.o
LOAD ./Drivers/STM32H7xx_HAL_Driver/Src/stm32h7xx_hal.o
LOAD ./Drivers/STM32H7xx_HAL_Driver/Src/stm32h7xx_hal_cortex.o
LOAD ./Drivers/STM32H7xx_HAL_Driver/Src/stm32h7xx_hal_dma.o
LOAD ./Drivers/STM32H7xx_HAL_Driver/Src/stm32h7xx_hal_dma_ex.o
LOAD ./Drivers/STM32H7xx_HAL_Driver/Src/stm32h7xx_hal_exti.o
LOAD ./Drivers/STM32H7xx_HAL_Driver/Src/stm32h7xx_hal_flash.o
LOAD ./Drivers/STM32H7xx_HAL_Driver/Src/stm32h7xx_hal_flash_ex.o
LOAD ./Drivers/STM32H7xx_HAL_Driver/Src/stm32h7xx_hal_gpio.o
LOAD ./Drivers/STM32H7xx_HAL_Driver/Src/stm32h7xx_hal_hsem.o
LOAD ./Drivers/STM32H7xx_HAL_Driver/Src/stm32h7xx_hal_i2c.o
LOAD ./Drivers/STM32H7xx_HAL_Driver/Src/stm32h7xx_hal_i2c_ex.o
LOAD ./Drivers/STM32H7xx_HAL_Driver/Src/stm32h7xx_hal_i2s.o
LOAD ./Drivers/STM32H7xx_HAL_Driver/Src/stm32h7xx_hal_i2s_ex.o
LOAD ./Drivers/STM32H7xx_HAL_Driver/Src/stm32h7xx_hal_ltdc.o
LOAD ./Drivers/STM32H7xx_HAL_Driver/Src/stm32h7xx_hal_ltdc_ex.o
LOAD ./Drivers/STM32H7xx_HAL_Driver/Src/stm32h7xx_hal_mdma.o
LOAD ./Drivers/STM32H7xx_HAL_Driver/Src/stm32h7xx_hal_ospi.o
LOAD ./Drivers/STM32H7xx_HAL_Driver/Src/stm32h7xx_hal_pwr.o
LOAD ./Drivers/STM32H7xx_HAL_Driver/Src/stm32h7xx_hal_pwr_ex.o
LOAD ./Drivers/STM32H7xx_HAL_Driver/Src/stm32h7xx_hal_rcc.o
LOAD ./Drivers/STM32H7xx_HAL_Driver/Src/stm32h7xx_hal_rcc_ex.o
LOAD ./Drivers/STM32H7xx_HAL_Driver/Src/stm32h7xx_hal_rtc.o
LOAD ./Drivers/STM32H7xx_HAL_Driver/Src/stm32h7xx_hal_rtc_ex.o
LOAD ./Drivers/STM32H7xx_HAL_Driver/Src/stm32h7xx_hal_sd.o
LOAD ./Drivers/STM32H7xx_HAL_Driver/Src/stm32h7xx_hal_sd_ex.o
LOAD ./Drivers/STM32H7xx_HAL_Driver/Src/stm32h7xx_hal_sdram.o
LOAD ./Drivers/STM32H7xx_HAL_Driver/Src/stm32h7xx_hal_spi.o
LOAD ./Drivers/STM32H7xx_HAL_Driver/Src/stm32h7xx_hal_spi_ex.o
LOAD ./Drivers/STM32H7xx_HAL_Driver/Src/stm32h7xx_hal_tim.o
LOAD ./Drivers/STM32H7xx_HAL_Driver/Src/stm32h7xx_hal_tim_ex.o
LOAD ./Drivers/STM32H7xx_HAL_Driver/Src/stm32h7xx_hal_uart.o
LOAD ./Drivers/STM32H7xx_HAL_Driver/Src/stm32h7xx_hal_uart_ex.o
LOAD ./Drivers/STM32H7xx_HAL_Driver/Src/stm32h7xx_ll_delayblock.o
LOAD ./Drivers/STM32H7xx_HAL_Driver/Src/stm32h7xx_ll_fmc.o
LOAD ./Drivers/STM32H7xx_HAL_Driver/Src/stm32h7xx_ll_sdmmc.o
LOAD ./led_rgb/led.o
START GROUP
LOAD /opt/st/stm32cubeide_1.10.1/plugins/com.st.stm32cube.ide.mcu.externaltools.gnu-tools-for-stm32.10.3-2021.10.linux64_1.0.0.202111181127/tools/bin/../lib/gcc/arm-none-eabi/10.3.1/../../../../arm-none-eabi/lib/thumb/v7e-m+dp/hard/libc_nano.a
LOAD /opt/st/stm32cubeide_1.10.1/plugins/com.st.stm32cube.ide.mcu.externaltools.gnu-tools-for-stm32.10.3-2021.10.linux64_1.0.0.202111181127/tools/bin/../lib/gcc/arm-none-eabi/10.3.1/../../../../arm-none-eabi/lib/thumb/v7e-m+dp/hard/libm.a
END GROUP
START GROUP
LOAD /opt/st/stm32cubeide_1.10.1/plugins/com.st.stm32cube.ide.mcu.externaltools.gnu-tools-for-stm32.10.3-2021.10.linux64_1.0.0.202111181127/tools/bin/../lib/gcc/arm-none-eabi/10.3.1/thumb/v7e-m+dp/hard/libgcc.a
LOAD /opt/st/stm32cubeide_1.10.1/plugins/com.st.stm32cube.ide.mcu.externaltools.gnu-tools-for-stm32.10.3-2021.10.linux64_1.0.0.202111181127/tools/bin/../lib/gcc/arm-none-eabi/10.3.1/../../../../arm-none-eabi/lib/thumb/v7e-m+dp/hard/libc_nano.a
END GROUP
START GROUP
LOAD /opt/st/stm32cubeide_1.10.1/plugins/com.st.stm32cube.ide.mcu.externaltools.gnu-tools-for-stm32.10.3-2021.10.linux64_1.0.0.202111181127/tools/bin/../lib/gcc/arm-none-eabi/10.3.1/thumb/v7e-m+dp/hard/libgcc.a
LOAD /opt/st/stm32cubeide_1.10.1/plugins/com.st.stm32cube.ide.mcu.externaltools.gnu-tools-for-stm32.10.3-2021.10.linux64_1.0.0.202111181127/tools/bin/../lib/gcc/arm-none-eabi/10.3.1/../../../../arm-none-eabi/lib/thumb/v7e-m+dp/hard/libc_nano.a
LOAD /opt/st/stm32cubeide_1.10.1/plugins/com.st.stm32cube.ide.mcu.externaltools.gnu-tools-for-stm32.10.3-2021.10.linux64_1.0.0.202111181127/tools/bin/../lib/gcc/arm-none-eabi/10.3.1/../../../../arm-none-eabi/lib/thumb/v7e-m+dp/hard/libnosys.a
END GROUP
START GROUP
LOAD /opt/st/stm32cubeide_1.10.1/plugins/com.st.stm32cube.ide.mcu.externaltools.gnu-tools-for-stm32.10.3-2021.10.linux64_1.0.0.202111181127/tools/bin/../lib/gcc/arm-none-eabi/10.3.1/thumb/v7e-m+dp/hard/libgcc.a
LOAD /opt/st/stm32cubeide_1.10.1/plugins/com.st.stm32cube.ide.mcu.externaltools.gnu-tools-for-stm32.10.3-2021.10.linux64_1.0.0.202111181127/tools/bin/../lib/gcc/arm-none-eabi/10.3.1/../../../../arm-none-eabi/lib/thumb/v7e-m+dp/hard/libc_nano.a
LOAD /opt/st/stm32cubeide_1.10.1/plugins/com.st.stm32cube.ide.mcu.externaltools.gnu-tools-for-stm32.10.3-2021.10.linux64_1.0.0.202111181127/tools/bin/../lib/gcc/arm-none-eabi/10.3.1/../../../../arm-none-eabi/lib/thumb/v7e-m+dp/hard/libnosys.a
END GROUP
LOAD /opt/st/stm32cubeide_1.10.1/plugins/com.st.stm32cube.ide.mcu.externaltools.gnu-tools-for-stm32.10.3-2021.10.linux64_1.0.0.202111181127/tools/bin/../lib/gcc/arm-none-eabi/10.3.1/thumb/v7e-m+dp/hard/crtend.o
LOAD /opt/st/stm32cubeide_1.10.1/plugins/com.st.stm32cube.ide.mcu.externaltools.gnu-tools-for-stm32.10.3-2021.10.linux64_1.0.0.202111181127/tools/bin/../lib/gcc/arm-none-eabi/10.3.1/thumb/v7e-m+dp/hard/crtn.o
                0x0000000024100000                _estack = (ORIGIN (RAM) + LENGTH (RAM))
                0x0000000000000200                _Min_Heap_Size = 0x200
                0x0000000000000400                _Min_Stack_Size = 0x400

.isr_vector     0x0000000008000000      0x2ac
                0x0000000008000000                . = ALIGN (0x4)
 *(.isr_vector)
 .isr_vector    0x0000000008000000      0x2ac ./Core/Startup/startup_stm32h7b3lihxq.o
                0x0000000008000000                g_pfnVectors
                0x00000000080002ac                . = ALIGN (0x4)

.text           0x00000000080002ac     0x9e94
                0x00000000080002ac                . = ALIGN (0x4)
 *(.text)
 .text          0x00000000080002ac       0x40 /opt/st/stm32cubeide_1.10.1/plugins/com.st.stm32cube.ide.mcu.externaltools.gnu-tools-for-stm32.10.3-2021.10.linux64_1.0.0.202111181127/tools/bin/../lib/gcc/arm-none-eabi/10.3.1/thumb/v7e-m+dp/hard/crtbegin.o
 .text          0x00000000080002ec       0x30 /opt/st/stm32cubeide_1.10.1/plugins/com.st.stm32cube.ide.mcu.externaltools.gnu-tools-for-stm32.10.3-2021.10.linux64_1.0.0.202111181127/tools/bin/../lib/gcc/arm-none-eabi/10.3.1/thumb/v7e-m+dp/hard/libgcc.a(_aeabi_uldivmod.o)
                0x00000000080002ec                __aeabi_uldivmod
 .text          0x000000000800031c      0x2d0 /opt/st/stm32cubeide_1.10.1/plugins/com.st.stm32cube.ide.mcu.externaltools.gnu-tools-for-stm32.10.3-2021.10.linux64_1.0.0.202111181127/tools/bin/../lib/gcc/arm-none-eabi/10.3.1/thumb/v7e-m+dp/hard/libgcc.a(_udivmoddi4.o)
                0x000000000800031c                __udivmoddi4
 .text          0x00000000080005ec        0x4 /opt/st/stm32cubeide_1.10.1/plugins/com.st.stm32cube.ide.mcu.externaltools.gnu-tools-for-stm32.10.3-2021.10.linux64_1.0.0.202111181127/tools/bin/../lib/gcc/arm-none-eabi/10.3.1/thumb/v7e-m+dp/hard/libgcc.a(_dvmd_tls.o)
                0x00000000080005ec                __aeabi_ldiv0
                0x00000000080005ec                __aeabi_idiv0
 *(.text*)
 .text.MX_FMC_Init
                0x00000000080005f0       0x9c ./Core/Src/fmc.o
                0x00000000080005f0                MX_FMC_Init
 .text.HAL_FMC_MspInit
                0x000000000800068c      0x104 ./Core/Src/fmc.o
 .text.HAL_SDRAM_MspInit
                0x0000000008000790       0x14 ./Core/Src/fmc.o
                0x0000000008000790                HAL_SDRAM_MspInit
 .text.MX_GPIO_Init
                0x00000000080007a4      0x29c ./Core/Src/gpio.o
                0x00000000080007a4                MX_GPIO_Init
 .text.MX_I2C4_Init
                0x0000000008000a40       0x80 ./Core/Src/i2c.o
                0x0000000008000a40                MX_I2C4_Init
 .text.HAL_I2C_MspInit
                0x0000000008000ac0       0xcc ./Core/Src/i2c.o
                0x0000000008000ac0                HAL_I2C_MspInit
 .text.MX_I2S6_Init
                0x0000000008000b8c       0x68 ./Core/Src/i2s.o
                0x0000000008000b8c                MX_I2S6_Init
 .text.HAL_I2S_MspInit
                0x0000000008000bf4      0x118 ./Core/Src/i2s.o
                0x0000000008000bf4                HAL_I2S_MspInit
 .text.MX_LTDC_Init
                0x0000000008000d0c      0x164 ./Core/Src/ltdc.o
                0x0000000008000d0c                MX_LTDC_Init
 .text.HAL_LTDC_MspInit
                0x0000000008000e70      0x184 ./Core/Src/ltdc.o
                0x0000000008000e70                HAL_LTDC_MspInit
 .text.main     0x0000000008000ff4       0x80 ./Core/Src/main.o
                0x0000000008000ff4                main
 .text.SystemClock_Config
                0x0000000008001074      0x124 ./Core/Src/main.o
                0x0000000008001074                SystemClock_Config
 .text.PeriphCommonClock_Config
                0x0000000008001198       0x68 ./Core/Src/main.o
                0x0000000008001198                PeriphCommonClock_Config
 .text.Error_Handler
                0x0000000008001200        0xa ./Core/Src/main.o
                0x0000000008001200                Error_Handler
 *fill*         0x000000000800120a        0x2 
 .text.MX_OCTOSPI1_Init
                0x000000000800120c       0xc4 ./Core/Src/octospi.o
                0x000000000800120c                MX_OCTOSPI1_Init
 .text.HAL_OSPI_MspInit
                0x00000000080012d0      0x1dc ./Core/Src/octospi.o
                0x00000000080012d0                HAL_OSPI_MspInit
 .text.MX_RTC_Init
                0x00000000080014ac       0x54 ./Core/Src/rtc.o
                0x00000000080014ac                MX_RTC_Init
 .text.HAL_RTC_MspInit
                0x0000000008001500       0x60 ./Core/Src/rtc.o
                0x0000000008001500                HAL_RTC_MspInit
 .text.MX_SDMMC1_SD_Init
                0x0000000008001560       0x48 ./Core/Src/sdmmc.o
                0x0000000008001560                MX_SDMMC1_SD_Init
 .text.HAL_SD_MspInit
                0x00000000080015a8       0xd8 ./Core/Src/sdmmc.o
                0x00000000080015a8                HAL_SD_MspInit
 .text.MX_SPI2_Init
                0x0000000008001680       0xac ./Core/Src/spi.o
                0x0000000008001680                MX_SPI2_Init
 .text.HAL_SPI_MspInit
                0x000000000800172c      0x118 ./Core/Src/spi.o
                0x000000000800172c                HAL_SPI_MspInit
 .text.HAL_MspInit
                0x0000000008001844       0x34 ./Core/Src/stm32h7xx_hal_msp.o
                0x0000000008001844                HAL_MspInit
 .text.NMI_Handler
                0x0000000008001878        0x6 ./Core/Src/stm32h7xx_it.o
                0x0000000008001878                NMI_Handler
 .text.HardFault_Handler
                0x000000000800187e        0x6 ./Core/Src/stm32h7xx_it.o
                0x000000000800187e                HardFault_Handler
 .text.MemManage_Handler
                0x0000000008001884        0x6 ./Core/Src/stm32h7xx_it.o
                0x0000000008001884                MemManage_Handler
 .text.BusFault_Handler
                0x000000000800188a        0x6 ./Core/Src/stm32h7xx_it.o
                0x000000000800188a                BusFault_Handler
 .text.UsageFault_Handler
                0x0000000008001890        0x6 ./Core/Src/stm32h7xx_it.o
                0x0000000008001890                UsageFault_Handler
 .text.SVC_Handler
                0x0000000008001896        0xe ./Core/Src/stm32h7xx_it.o
                0x0000000008001896                SVC_Handler
 .text.DebugMon_Handler
                0x00000000080018a4        0xe ./Core/Src/stm32h7xx_it.o
                0x00000000080018a4                DebugMon_Handler
 .text.PendSV_Handler
                0x00000000080018b2        0xe ./Core/Src/stm32h7xx_it.o
                0x00000000080018b2                PendSV_Handler
 .text.SysTick_Handler
                0x00000000080018c0        0xc ./Core/Src/stm32h7xx_it.o
                0x00000000080018c0                SysTick_Handler
 .text.SystemInit
                0x00000000080018cc       0xf0 ./Core/Src/system_stm32h7xx.o
                0x00000000080018cc                SystemInit
 .text.MX_USART1_UART_Init
                0x00000000080019bc       0x98 ./Core/Src/usart.o
                0x00000000080019bc                MX_USART1_UART_Init
 .text.HAL_UART_MspInit
                0x0000000008001a54       0xcc ./Core/Src/usart.o
                0x0000000008001a54                HAL_UART_MspInit
 .text.Reset_Handler
                0x0000000008001b20       0x50 ./Core/Startup/startup_stm32h7b3lihxq.o
                0x0000000008001b20                Reset_Handler
 .text.Default_Handler
                0x0000000008001b70        0x2 ./Core/Startup/startup_stm32h7b3lihxq.o
                0x0000000008001b70                RTC_Alarm_IRQHandler
                0x0000000008001b70                HASH_RNG_IRQHandler
                0x0000000008001b70                EXTI2_IRQHandler
                0x0000000008001b70                TIM8_CC_IRQHandler
                0x0000000008001b70                UART8_IRQHandler
                0x0000000008001b70                BDMA2_Channel1_IRQHandler
                0x0000000008001b70                SPI4_IRQHandler
                0x0000000008001b70                BDMA2_Channel0_IRQHandler
                0x0000000008001b70                TIM1_CC_IRQHandler
                0x0000000008001b70                DMA2_Stream5_IRQHandler
                0x0000000008001b70                JPEG_IRQHandler
                0x0000000008001b70                DMA1_Stream5_IRQHandler
                0x0000000008001b70                EXTI3_IRQHandler
                0x0000000008001b70                LPTIM4_IRQHandler
                0x0000000008001b70                TIM8_TRG_COM_TIM14_IRQHandler
                0x0000000008001b70                LPTIM2_IRQHandler
                0x0000000008001b70                DFSDM1_FLT1_IRQHandler
                0x0000000008001b70                DMAMUX2_OVR_IRQHandler
                0x0000000008001b70                GFXMMU_IRQHandler
                0x0000000008001b70                TIM8_UP_TIM13_IRQHandler
                0x0000000008001b70                I2C3_ER_IRQHandler
                0x0000000008001b70                DFSDM1_FLT2_IRQHandler
                0x0000000008001b70                USART10_IRQHandler
                0x0000000008001b70                MDMA_IRQHandler
                0x0000000008001b70                LPTIM3_IRQHandler
                0x0000000008001b70                BDMA2_Channel3_IRQHandler
                0x0000000008001b70                HSEM1_IRQHandler
                0x0000000008001b70                EXTI0_IRQHandler
                0x0000000008001b70                I2C2_EV_IRQHandler
                0x0000000008001b70                DAC2_IRQHandler
                0x0000000008001b70                DMA1_Stream2_IRQHandler
                0x0000000008001b70                FPU_IRQHandler
                0x0000000008001b70                OTG_HS_WKUP_IRQHandler
                0x0000000008001b70                FDCAN1_IT1_IRQHandler
                0x0000000008001b70                LTDC_ER_IRQHandler
                0x0000000008001b70                DMA2_Stream2_IRQHandler
                0x0000000008001b70                SPI1_IRQHandler
                0x0000000008001b70                OCTOSPI1_IRQHandler
                0x0000000008001b70                TIM6_DAC_IRQHandler
                0x0000000008001b70                BDMA2_Channel6_IRQHandler
                0x0000000008001b70                DMA2_Stream3_IRQHandler
                0x0000000008001b70                OCTOSPI2_IRQHandler
                0x0000000008001b70                SAI2_IRQHandler
                0x0000000008001b70                BDMA1_IRQHandler
                0x0000000008001b70                DFSDM1_FLT3_IRQHandler
                0x0000000008001b70                USART6_IRQHandler
                0x0000000008001b70                TIM17_IRQHandler
                0x0000000008001b70                USART3_IRQHandler
                0x0000000008001b70                CRYP_IRQHandler
                0x0000000008001b70                LPTIM5_IRQHandler
                0x0000000008001b70                UART5_IRQHandler
                0x0000000008001b70                DMA2_Stream0_IRQHandler
                0x0000000008001b70                TIM4_IRQHandler
                0x0000000008001b70                I2C1_EV_IRQHandler
                0x0000000008001b70                DMA1_Stream6_IRQHandler
                0x0000000008001b70                DMAMUX1_OVR_IRQHandler
                0x0000000008001b70                DMA1_Stream1_IRQHandler
                0x0000000008001b70                TIM16_IRQHandler
                0x0000000008001b70                UART4_IRQHandler
                0x0000000008001b70                TIM3_IRQHandler
                0x0000000008001b70                RCC_IRQHandler
                0x0000000008001b70                UART9_IRQHandler
                0x0000000008001b70                TIM8_BRK_TIM12_IRQHandler
                0x0000000008001b70                TIM1_TRG_COM_IRQHandler
                0x0000000008001b70                Default_Handler
                0x0000000008001b70                ECC_IRQHandler
                0x0000000008001b70                BDMA2_Channel2_IRQHandler
                0x0000000008001b70                CEC_IRQHandler
                0x0000000008001b70                EXTI15_10_IRQHandler
                0x0000000008001b70                DFSDM1_FLT4_IRQHandler
                0x0000000008001b70                ADC_IRQHandler
                0x0000000008001b70                OTFDEC1_IRQHandler
                0x0000000008001b70                DMA1_Stream7_IRQHandler
                0x0000000008001b70                SPI5_IRQHandler
                0x0000000008001b70                TIM7_IRQHandler
                0x0000000008001b70                SDMMC1_IRQHandler
                0x0000000008001b70                TIM5_IRQHandler
                0x0000000008001b70                DMA2_Stream7_IRQHandler
                0x0000000008001b70                TIM15_IRQHandler
                0x0000000008001b70                I2C3_EV_IRQHandler
                0x0000000008001b70                DFSDM2_IRQHandler
                0x0000000008001b70                EXTI9_5_IRQHandler
                0x0000000008001b70                RTC_WKUP_IRQHandler
                0x0000000008001b70                LTDC_IRQHandler
                0x0000000008001b70                SPDIF_RX_IRQHandler
                0x0000000008001b70                PVD_PVM_IRQHandler
                0x0000000008001b70                SPI2_IRQHandler
                0x0000000008001b70                OTG_HS_EP1_IN_IRQHandler
                0x0000000008001b70                DFSDM1_FLT5_IRQHandler
                0x0000000008001b70                DMA1_Stream0_IRQHandler
                0x0000000008001b70                OTFDEC2_IRQHandler
                0x0000000008001b70                CRS_IRQHandler
                0x0000000008001b70                EXTI4_IRQHandler
                0x0000000008001b70                DFSDM1_FLT6_IRQHandler
                0x0000000008001b70                FDCAN2_IT1_IRQHandler
                0x0000000008001b70                COMP_IRQHandler
                0x0000000008001b70                TIM1_UP_IRQHandler
                0x0000000008001b70                OTG_HS_EP1_OUT_IRQHandler
                0x0000000008001b70                WWDG_IRQHandler
                0x0000000008001b70                SPI6_IRQHandler
                0x0000000008001b70                MDIOS_IRQHandler
                0x0000000008001b70                I2C4_EV_IRQHandler
                0x0000000008001b70                FDCAN2_IT0_IRQHandler
                0x0000000008001b70                LPUART1_IRQHandler
                0x0000000008001b70                FDCAN1_IT0_IRQHandler
                0x0000000008001b70                TIM2_IRQHandler
                0x0000000008001b70                BDMA2_Channel5_IRQHandler
                0x0000000008001b70                OTG_HS_IRQHandler
                0x0000000008001b70                DMA2D_IRQHandler
                0x0000000008001b70                TIM1_BRK_IRQHandler
                0x0000000008001b70                EXTI1_IRQHandler
                0x0000000008001b70                SDMMC2_IRQHandler
                0x0000000008001b70                DTS_IRQHandler
                0x0000000008001b70                UART7_IRQHandler
                0x0000000008001b70                MDIOS_WKUP_IRQHandler
                0x0000000008001b70                USART2_IRQHandler
                0x0000000008001b70                DFSDM1_FLT0_IRQHandler
                0x0000000008001b70                I2C2_ER_IRQHandler
                0x0000000008001b70                DMA2_Stream1_IRQHandler
                0x0000000008001b70                DFSDM1_FLT7_IRQHandler
                0x0000000008001b70                FLASH_IRQHandler
                0x0000000008001b70                DMA2_Stream4_IRQHandler
                0x0000000008001b70                USART1_IRQHandler
                0x0000000008001b70                SPI3_IRQHandler
                0x0000000008001b70                WAKEUP_PIN_IRQHandler
                0x0000000008001b70                DMA1_Stream4_IRQHandler
                0x0000000008001b70                I2C1_ER_IRQHandler
                0x0000000008001b70                FMC_IRQHandler
                0x0000000008001b70                BDMA2_Channel7_IRQHandler
                0x0000000008001b70                FDCAN_CAL_IRQHandler
                0x0000000008001b70                SWPMI1_IRQHandler
                0x0000000008001b70                LPTIM1_IRQHandler
                0x0000000008001b70                DCMI_PSSI_IRQHandler
                0x0000000008001b70                I2C4_ER_IRQHandler
                0x0000000008001b70                DMA2_Stream6_IRQHandler
                0x0000000008001b70                SAI1_IRQHandler
                0x0000000008001b70                DMA1_Stream3_IRQHandler
                0x0000000008001b70                RTC_TAMP_STAMP_CSS_LSE_IRQHandler
                0x0000000008001b70                BDMA2_Channel4_IRQHandler
 *fill*         0x0000000008001b72        0x2 
 .text.HAL_Init
                0x0000000008001b74       0x78 ./Drivers/STM32H7xx_HAL_Driver/Src/stm32h7xx_hal.o
                0x0000000008001b74                HAL_Init
 .text.HAL_InitTick
                0x0000000008001bec       0x6c ./Drivers/STM32H7xx_HAL_Driver/Src/stm32h7xx_hal.o
                0x0000000008001bec                HAL_InitTick
 .text.HAL_IncTick
                0x0000000008001c58       0x28 ./Drivers/STM32H7xx_HAL_Driver/Src/stm32h7xx_hal.o
                0x0000000008001c58                HAL_IncTick
 .text.HAL_GetTick
                0x0000000008001c80       0x18 ./Drivers/STM32H7xx_HAL_Driver/Src/stm32h7xx_hal.o
                0x0000000008001c80                HAL_GetTick
 .text.HAL_Delay
                0x0000000008001c98       0x48 ./Drivers/STM32H7xx_HAL_Driver/Src/stm32h7xx_hal.o
                0x0000000008001c98                HAL_Delay
 .text.__NVIC_SetPriorityGrouping
                0x0000000008001ce0       0x48 ./Drivers/STM32H7xx_HAL_Driver/Src/stm32h7xx_hal_cortex.o
 .text.__NVIC_GetPriorityGrouping
                0x0000000008001d28       0x1c ./Drivers/STM32H7xx_HAL_Driver/Src/stm32h7xx_hal_cortex.o
 .text.__NVIC_SetPriority
                0x0000000008001d44       0x54 ./Drivers/STM32H7xx_HAL_Driver/Src/stm32h7xx_hal_cortex.o
 .text.NVIC_EncodePriority
                0x0000000008001d98       0x66 ./Drivers/STM32H7xx_HAL_Driver/Src/stm32h7xx_hal_cortex.o
 *fill*         0x0000000008001dfe        0x2 
 .text.SysTick_Config
                0x0000000008001e00       0x44 ./Drivers/STM32H7xx_HAL_Driver/Src/stm32h7xx_hal_cortex.o
 .text.HAL_NVIC_SetPriorityGrouping
                0x0000000008001e44       0x16 ./Drivers/STM32H7xx_HAL_Driver/Src/stm32h7xx_hal_cortex.o
                0x0000000008001e44                HAL_NVIC_SetPriorityGrouping
 .text.HAL_NVIC_SetPriority
                0x0000000008001e5a       0x34 ./Drivers/STM32H7xx_HAL_Driver/Src/stm32h7xx_hal_cortex.o
                0x0000000008001e5a                HAL_NVIC_SetPriority
 .text.HAL_SYSTICK_Config
                0x0000000008001e8e       0x18 ./Drivers/STM32H7xx_HAL_Driver/Src/stm32h7xx_hal_cortex.o
                0x0000000008001e8e                HAL_SYSTICK_Config
 *fill*         0x0000000008001ea6        0x2 
 .text.HAL_GPIO_Init
                0x0000000008001ea8      0x360 ./Drivers/STM32H7xx_HAL_Driver/Src/stm32h7xx_hal_gpio.o
                0x0000000008001ea8                HAL_GPIO_Init
 .text.HAL_GPIO_WritePin
                0x0000000008002208       0x32 ./Drivers/STM32H7xx_HAL_Driver/Src/stm32h7xx_hal_gpio.o
                0x0000000008002208                HAL_GPIO_WritePin
 *fill*         0x000000000800223a        0x2 
 .text.HAL_I2C_Init
                0x000000000800223c      0x120 ./Drivers/STM32H7xx_HAL_Driver/Src/stm32h7xx_hal_i2c.o
                0x000000000800223c                HAL_I2C_Init
 .text.HAL_I2CEx_ConfigAnalogFilter
                0x000000000800235c       0x96 ./Drivers/STM32H7xx_HAL_Driver/Src/stm32h7xx_hal_i2c_ex.o
                0x000000000800235c                HAL_I2CEx_ConfigAnalogFilter
 .text.HAL_I2CEx_ConfigDigitalFilter
                0x00000000080023f2       0x98 ./Drivers/STM32H7xx_HAL_Driver/Src/stm32h7xx_hal_i2c_ex.o
                0x00000000080023f2                HAL_I2CEx_ConfigDigitalFilter
 *fill*         0x000000000800248a        0x2 
 .text.HAL_I2S_Init
                0x000000000800248c      0x258 ./Drivers/STM32H7xx_HAL_Driver/Src/stm32h7xx_hal_i2s.o
                0x000000000800248c                HAL_I2S_Init
 .text.HAL_LTDC_Init
                0x00000000080026e4      0x1a0 ./Drivers/STM32H7xx_HAL_Driver/Src/stm32h7xx_hal_ltdc.o
                0x00000000080026e4                HAL_LTDC_Init
 .text.HAL_LTDC_ConfigLayer
                0x0000000008002884       0x7c ./Drivers/STM32H7xx_HAL_Driver/Src/stm32h7xx_hal_ltdc.o
                0x0000000008002884                HAL_LTDC_ConfigLayer
 .text.LTDC_SetConfig
                0x0000000008002900      0x334 ./Drivers/STM32H7xx_HAL_Driver/Src/stm32h7xx_hal_ltdc.o
 .text.HAL_OSPI_Init
                0x0000000008002c34      0x178 ./Drivers/STM32H7xx_HAL_Driver/Src/stm32h7xx_hal_ospi.o
                0x0000000008002c34                HAL_OSPI_Init
 .text.HAL_OSPI_SetTimeout
                0x0000000008002dac       0x1e ./Drivers/STM32H7xx_HAL_Driver/Src/stm32h7xx_hal_ospi.o
                0x0000000008002dac                HAL_OSPI_SetTimeout
 *fill*         0x0000000008002dca        0x2 
 .text.HAL_OSPIM_Config
                0x0000000008002dcc      0x9d0 ./Drivers/STM32H7xx_HAL_Driver/Src/stm32h7xx_hal_ospi.o
                0x0000000008002dcc                HAL_OSPIM_Config
 .text.OSPI_WaitFlagStateUntilTimeout
                0x000000000800379c       0x6e ./Drivers/STM32H7xx_HAL_Driver/Src/stm32h7xx_hal_ospi.o
 *fill*         0x000000000800380a        0x2 
 .text.OSPIM_GetConfig
                0x000000000800380c      0x174 ./Drivers/STM32H7xx_HAL_Driver/Src/stm32h7xx_hal_ospi.o
 .text.HAL_PWR_EnableBkUpAccess
                0x0000000008003980       0x20 ./Drivers/STM32H7xx_HAL_Driver/Src/stm32h7xx_hal_pwr.o
                0x0000000008003980                HAL_PWR_EnableBkUpAccess
 .text.HAL_PWREx_ConfigSupply
                0x00000000080039a0       0xb4 ./Drivers/STM32H7xx_HAL_Driver/Src/stm32h7xx_hal_pwr_ex.o
                0x00000000080039a0                HAL_PWREx_ConfigSupply
 .text.HAL_RCC_OscConfig
                0x0000000008003a54      0x808 ./Drivers/STM32H7xx_HAL_Driver/Src/stm32h7xx_hal_rcc.o
                0x0000000008003a54                HAL_RCC_OscConfig
 .text.HAL_RCC_ClockConfig
                0x000000000800425c      0x36c ./Drivers/STM32H7xx_HAL_Driver/Src/stm32h7xx_hal_rcc.o
                0x000000000800425c                HAL_RCC_ClockConfig
 .text.HAL_RCC_MCOConfig
                0x00000000080045c8       0xd4 ./Drivers/STM32H7xx_HAL_Driver/Src/stm32h7xx_hal_rcc.o
                0x00000000080045c8                HAL_RCC_MCOConfig
 .text.HAL_RCC_GetSysClockFreq
                0x000000000800469c      0x2f4 ./Drivers/STM32H7xx_HAL_Driver/Src/stm32h7xx_hal_rcc.o
                0x000000000800469c                HAL_RCC_GetSysClockFreq
 .text.HAL_RCC_GetHCLKFreq
                0x0000000008004990       0x60 ./Drivers/STM32H7xx_HAL_Driver/Src/stm32h7xx_hal_rcc.o
                0x0000000008004990                HAL_RCC_GetHCLKFreq
 .text.HAL_RCC_GetPCLK1Freq
                0x00000000080049f0       0x2c ./Drivers/STM32H7xx_HAL_Driver/Src/stm32h7xx_hal_rcc.o
                0x00000000080049f0                HAL_RCC_GetPCLK1Freq
 .text.HAL_RCC_GetPCLK2Freq
                0x0000000008004a1c       0x2c ./Drivers/STM32H7xx_HAL_Driver/Src/stm32h7xx_hal_rcc.o
                0x0000000008004a1c                HAL_RCC_GetPCLK2Freq
 .text.HAL_RCCEx_PeriphCLKConfig
                0x0000000008004a48      0xe18 ./Drivers/STM32H7xx_HAL_Driver/Src/stm32h7xx_hal_rcc_ex.o
                0x0000000008004a48                HAL_RCCEx_PeriphCLKConfig
 .text.HAL_RCCEx_GetPeriphCLKFreq
                0x0000000008005860      0x85c ./Drivers/STM32H7xx_HAL_Driver/Src/stm32h7xx_hal_rcc_ex.o
                0x0000000008005860                HAL_RCCEx_GetPeriphCLKFreq
 .text.HAL_RCCEx_GetD3PCLK1Freq
                0x00000000080060bc       0x2c ./Drivers/STM32H7xx_HAL_Driver/Src/stm32h7xx_hal_rcc_ex.o
                0x00000000080060bc                HAL_RCCEx_GetD3PCLK1Freq
 .text.HAL_RCCEx_GetPLL2ClockFreq
                0x00000000080060e8      0x2a8 ./Drivers/STM32H7xx_HAL_Driver/Src/stm32h7xx_hal_rcc_ex.o
                0x00000000080060e8                HAL_RCCEx_GetPLL2ClockFreq
 .text.HAL_RCCEx_GetPLL3ClockFreq
                0x0000000008006390      0x2a8 ./Drivers/STM32H7xx_HAL_Driver/Src/stm32h7xx_hal_rcc_ex.o
                0x0000000008006390                HAL_RCCEx_GetPLL3ClockFreq
 .text.HAL_RCCEx_GetPLL1ClockFreq
                0x0000000008006638      0x2a4 ./Drivers/STM32H7xx_HAL_Driver/Src/stm32h7xx_hal_rcc_ex.o
                0x0000000008006638                HAL_RCCEx_GetPLL1ClockFreq
 .text.RCCEx_PLL2_Config
                0x00000000080068dc      0x164 ./Drivers/STM32H7xx_HAL_Driver/Src/stm32h7xx_hal_rcc_ex.o
 .text.RCCEx_PLL3_Config
                0x0000000008006a40      0x164 ./Drivers/STM32H7xx_HAL_Driver/Src/stm32h7xx_hal_rcc_ex.o
 .text.HAL_RTC_Init
                0x0000000008006ba4       0xf8 ./Drivers/STM32H7xx_HAL_Driver/Src/stm32h7xx_hal_rtc.o
                0x0000000008006ba4                HAL_RTC_Init
 .text.HAL_RTC_WaitForSynchro
                0x0000000008006c9c       0x4c ./Drivers/STM32H7xx_HAL_Driver/Src/stm32h7xx_hal_rtc.o
                0x0000000008006c9c                HAL_RTC_WaitForSynchro
 .text.RTC_EnterInitMode
                0x0000000008006ce8       0x6c ./Drivers/STM32H7xx_HAL_Driver/Src/stm32h7xx_hal_rtc.o
                0x0000000008006ce8                RTC_EnterInitMode
 .text.RTC_ExitInitMode
                0x0000000008006d54       0x7c ./Drivers/STM32H7xx_HAL_Driver/Src/stm32h7xx_hal_rtc.o
                0x0000000008006d54                RTC_ExitInitMode
 .text.HAL_SD_Init
                0x0000000008006dd0      0x106 ./Drivers/STM32H7xx_HAL_Driver/Src/stm32h7xx_hal_sd.o
                0x0000000008006dd0                HAL_SD_Init
 *fill*         0x0000000008006ed6        0x2 
 .text.HAL_SD_InitCard
                0x0000000008006ed8      0x12c ./Drivers/STM32H7xx_HAL_Driver/Src/stm32h7xx_hal_sd.o
                0x0000000008006ed8                HAL_SD_InitCard
 .text.HAL_SD_GetCardCSD
                0x0000000008007004      0x348 ./Drivers/STM32H7xx_HAL_Driver/Src/stm32h7xx_hal_sd.o
                0x0000000008007004                HAL_SD_GetCardCSD
 .text.HAL_SD_GetCardStatus
                0x000000000800734c      0x17c ./Drivers/STM32H7xx_HAL_Driver/Src/stm32h7xx_hal_sd.o
                0x000000000800734c                HAL_SD_GetCardStatus
 .text.HAL_SD_ConfigWideBusOperation
                0x00000000080074c8      0x224 ./Drivers/STM32H7xx_HAL_Driver/Src/stm32h7xx_hal_sd.o
                0x00000000080074c8                HAL_SD_ConfigWideBusOperation
 .text.HAL_SD_GetCardState
                0x00000000080076ec       0x40 ./Drivers/STM32H7xx_HAL_Driver/Src/stm32h7xx_hal_sd.o
                0x00000000080076ec                HAL_SD_GetCardState
 .text.SD_InitCard
                0x000000000800772c      0x19c ./Drivers/STM32H7xx_HAL_Driver/Src/stm32h7xx_hal_sd.o
 .text.SD_PowerON
                0x00000000080078c8      0x11c ./Drivers/STM32H7xx_HAL_Driver/Src/stm32h7xx_hal_sd.o
 .text.SD_SendSDStatus
                0x00000000080079e4      0x1a0 ./Drivers/STM32H7xx_HAL_Driver/Src/stm32h7xx_hal_sd.o
 .text.SD_SendStatus
                0x0000000008007b84       0x50 ./Drivers/STM32H7xx_HAL_Driver/Src/stm32h7xx_hal_sd.o
 .text.SD_WideBus_Enable
                0x0000000008007bd4       0x96 ./Drivers/STM32H7xx_HAL_Driver/Src/stm32h7xx_hal_sd.o
 .text.SD_WideBus_Disable
                0x0000000008007c6a       0x96 ./Drivers/STM32H7xx_HAL_Driver/Src/stm32h7xx_hal_sd.o
 .text.SD_FindSCR
                0x0000000008007d00      0x1a0 ./Drivers/STM32H7xx_HAL_Driver/Src/stm32h7xx_hal_sd.o
 .text.HAL_SDRAM_Init
                0x0000000008007ea0       0x78 ./Drivers/STM32H7xx_HAL_Driver/Src/stm32h7xx_hal_sdram.o
                0x0000000008007ea0                HAL_SDRAM_Init
 .text.HAL_SPI_Init
                0x0000000008007f18      0x20c ./Drivers/STM32H7xx_HAL_Driver/Src/stm32h7xx_hal_spi.o
                0x0000000008007f18                HAL_SPI_Init
 .text.SPI_GetPacketSize
                0x0000000008008124       0x36 ./Drivers/STM32H7xx_HAL_Driver/Src/stm32h7xx_hal_spi.o
 .text.HAL_UART_Init
                0x000000000800815a       0xa0 ./Drivers/STM32H7xx_HAL_Driver/Src/stm32h7xx_hal_uart.o
                0x000000000800815a                HAL_UART_Init
 *fill*         0x00000000080081fa        0x2 
 .text.UART_SetConfig
                0x00000000080081fc      0xcd8 ./Drivers/STM32H7xx_HAL_Driver/Src/stm32h7xx_hal_uart.o
                0x00000000080081fc                UART_SetConfig
 .text.UART_AdvFeatureConfig
                0x0000000008008ed4      0x144 ./Drivers/STM32H7xx_HAL_Driver/Src/stm32h7xx_hal_uart.o
                0x0000000008008ed4                UART_AdvFeatureConfig
 .text.UART_CheckIdleState
                0x0000000008009018       0x96 ./Drivers/STM32H7xx_HAL_Driver/Src/stm32h7xx_hal_uart.o
                0x0000000008009018                UART_CheckIdleState
 .text.UART_WaitOnFlagUntilTimeout
                0x00000000080090ae      0x190 ./Drivers/STM32H7xx_HAL_Driver/Src/stm32h7xx_hal_uart.o
                0x00000000080090ae                UART_WaitOnFlagUntilTimeout
 .text.HAL_UARTEx_DisableFifoMode
                0x000000000800923e       0x72 ./Drivers/STM32H7xx_HAL_Driver/Src/stm32h7xx_hal_uart_ex.o
                0x000000000800923e                HAL_UARTEx_DisableFifoMode
 .text.HAL_UARTEx_SetTxFifoThreshold
                0x00000000080092b0       0x7c ./Drivers/STM32H7xx_HAL_Driver/Src/stm32h7xx_hal_uart_ex.o
                0x00000000080092b0                HAL_UARTEx_SetTxFifoThreshold
 .text.HAL_UARTEx_SetRxFifoThreshold
                0x000000000800932c       0x7c ./Drivers/STM32H7xx_HAL_Driver/Src/stm32h7xx_hal_uart_ex.o
                0x000000000800932c                HAL_UARTEx_SetRxFifoThreshold
 .text.UARTEx_SetNbDataToProcess
                0x00000000080093a8       0x9c ./Drivers/STM32H7xx_HAL_Driver/Src/stm32h7xx_hal_uart_ex.o
 .text.FMC_SDRAM_Init
                0x0000000008009444       0xb8 ./Drivers/STM32H7xx_HAL_Driver/Src/stm32h7xx_ll_fmc.o
                0x0000000008009444                FMC_SDRAM_Init
 .text.FMC_SDRAM_Timing_Init
                0x00000000080094fc       0xd4 ./Drivers/STM32H7xx_HAL_Driver/Src/stm32h7xx_ll_fmc.o
                0x00000000080094fc                FMC_SDRAM_Timing_Init
 .text.SDMMC_Init
                0x00000000080095d0       0x54 ./Drivers/STM32H7xx_HAL_Driver/Src/stm32h7xx_ll_sdmmc.o
                0x00000000080095d0                SDMMC_Init
 .text.SDMMC_ReadFIFO
                0x0000000008009624       0x1a ./Drivers/STM32H7xx_HAL_Driver/Src/stm32h7xx_ll_sdmmc.o
                0x0000000008009624                SDMMC_ReadFIFO
 .text.SDMMC_PowerState_ON
                0x000000000800963e       0x22 ./Drivers/STM32H7xx_HAL_Driver/Src/stm32h7xx_ll_sdmmc.o
                0x000000000800963e                SDMMC_PowerState_ON
 .text.SDMMC_GetPowerState
                0x0000000008009660       0x1c ./Drivers/STM32H7xx_HAL_Driver/Src/stm32h7xx_ll_sdmmc.o
                0x0000000008009660                SDMMC_GetPowerState
 .text.SDMMC_SendCommand
                0x000000000800967c       0x54 ./Drivers/STM32H7xx_HAL_Driver/Src/stm32h7xx_ll_sdmmc.o
                0x000000000800967c                SDMMC_SendCommand
 .text.SDMMC_GetCommandResponse
                0x00000000080096d0       0x1a ./Drivers/STM32H7xx_HAL_Driver/Src/stm32h7xx_ll_sdmmc.o
                0x00000000080096d0                SDMMC_GetCommandResponse
 .text.SDMMC_GetResponse
                0x00000000080096ea       0x26 ./Drivers/STM32H7xx_HAL_Driver/Src/stm32h7xx_ll_sdmmc.o
                0x00000000080096ea                SDMMC_GetResponse
 .text.SDMMC_ConfigData
                0x0000000008009710       0x58 ./Drivers/STM32H7xx_HAL_Driver/Src/stm32h7xx_ll_sdmmc.o
                0x0000000008009710                SDMMC_ConfigData
 .text.SDMMC_CmdBlockLength
                0x0000000008009768       0x46 ./Drivers/STM32H7xx_HAL_Driver/Src/stm32h7xx_ll_sdmmc.o
                0x0000000008009768                SDMMC_CmdBlockLength
 .text.SDMMC_CmdSelDesel
                0x00000000080097ae       0x46 ./Drivers/STM32H7xx_HAL_Driver/Src/stm32h7xx_ll_sdmmc.o
                0x00000000080097ae                SDMMC_CmdSelDesel
 .text.SDMMC_CmdGoIdleState
                0x00000000080097f4       0x3c ./Drivers/STM32H7xx_HAL_Driver/Src/stm32h7xx_ll_sdmmc.o
                0x00000000080097f4                SDMMC_CmdGoIdleState
 .text.SDMMC_CmdOperCond
                0x0000000008009830       0x40 ./Drivers/STM32H7xx_HAL_Driver/Src/stm32h7xx_ll_sdmmc.o
                0x0000000008009830                SDMMC_CmdOperCond
 .text.SDMMC_CmdAppCommand
                0x0000000008009870       0x46 ./Drivers/STM32H7xx_HAL_Driver/Src/stm32h7xx_ll_sdmmc.o
                0x0000000008009870                SDMMC_CmdAppCommand
 .text.SDMMC_CmdAppOperCommand
                0x00000000080098b6       0x40 ./Drivers/STM32H7xx_HAL_Driver/Src/stm32h7xx_ll_sdmmc.o
                0x00000000080098b6                SDMMC_CmdAppOperCommand
 .text.SDMMC_CmdBusWidth
                0x00000000080098f6       0x46 ./Drivers/STM32H7xx_HAL_Driver/Src/stm32h7xx_ll_sdmmc.o
                0x00000000080098f6                SDMMC_CmdBusWidth
 .text.SDMMC_CmdSendSCR
                0x000000000800993c       0x44 ./Drivers/STM32H7xx_HAL_Driver/Src/stm32h7xx_ll_sdmmc.o
                0x000000000800993c                SDMMC_CmdSendSCR
 .text.SDMMC_CmdSendCID
                0x0000000008009980       0x3e ./Drivers/STM32H7xx_HAL_Driver/Src/stm32h7xx_ll_sdmmc.o
                0x0000000008009980                SDMMC_CmdSendCID
 .text.SDMMC_CmdSendCSD
                0x00000000080099be       0x40 ./Drivers/STM32H7xx_HAL_Driver/Src/stm32h7xx_ll_sdmmc.o
                0x00000000080099be                SDMMC_CmdSendCSD
 .text.SDMMC_CmdSetRelAdd
                0x00000000080099fe       0x44 ./Drivers/STM32H7xx_HAL_Driver/Src/stm32h7xx_ll_sdmmc.o
                0x00000000080099fe                SDMMC_CmdSetRelAdd
 .text.SDMMC_CmdSendStatus
                0x0000000008009a42       0x46 ./Drivers/STM32H7xx_HAL_Driver/Src/stm32h7xx_ll_sdmmc.o
                0x0000000008009a42                SDMMC_CmdSendStatus
 .text.SDMMC_CmdStatusRegister
                0x0000000008009a88       0x44 ./Drivers/STM32H7xx_HAL_Driver/Src/stm32h7xx_ll_sdmmc.o
                0x0000000008009a88                SDMMC_CmdStatusRegister
 .text.SDMMC_GetCmdResp1
                0x0000000008009acc      0x1e4 ./Drivers/STM32H7xx_HAL_Driver/Src/stm32h7xx_ll_sdmmc.o
                0x0000000008009acc                SDMMC_GetCmdResp1
 .text.SDMMC_GetCmdResp2
                0x0000000008009cb0       0x94 ./Drivers/STM32H7xx_HAL_Driver/Src/stm32h7xx_ll_sdmmc.o
                0x0000000008009cb0                SDMMC_GetCmdResp2
 .text.SDMMC_GetCmdResp3
                0x0000000008009d44       0x80 ./Drivers/STM32H7xx_HAL_Driver/Src/stm32h7xx_ll_sdmmc.o
                0x0000000008009d44                SDMMC_GetCmdResp3
 .text.SDMMC_GetCmdResp6
                0x0000000008009dc4       0xf0 ./Drivers/STM32H7xx_HAL_Driver/Src/stm32h7xx_ll_sdmmc.o
                0x0000000008009dc4                SDMMC_GetCmdResp6
 .text.SDMMC_GetCmdResp7
                0x0000000008009eb4       0x9c ./Drivers/STM32H7xx_HAL_Driver/Src/stm32h7xx_ll_sdmmc.o
                0x0000000008009eb4                SDMMC_GetCmdResp7
 .text.SDMMC_GetCmdError
                0x0000000008009f50       0x5c ./Drivers/STM32H7xx_HAL_Driver/Src/stm32h7xx_ll_sdmmc.o
 .text.LEDRGB_On
                0x0000000008009fac      0x124 ./led_rgb/led.o
                0x0000000008009fac                LEDRGB_On
 .text.__libc_init_array
                0x000000000800a0d0       0x48 /opt/st/stm32cubeide_1.10.1/plugins/com.st.stm32cube.ide.mcu.externaltools.gnu-tools-for-stm32.10.3-2021.10.linux64_1.0.0.202111181127/tools/bin/../lib/gcc/arm-none-eabi/10.3.1/../../../../arm-none-eabi/lib/thumb/v7e-m+dp/hard/libc_nano.a(lib_a-init.o)
                0x000000000800a0d0                __libc_init_array
 .text.memset   0x000000000800a118       0x10 /opt/st/stm32cubeide_1.10.1/plugins/com.st.stm32cube.ide.mcu.externaltools.gnu-tools-for-stm32.10.3-2021.10.linux64_1.0.0.202111181127/tools/bin/../lib/gcc/arm-none-eabi/10.3.1/../../../../arm-none-eabi/lib/thumb/v7e-m+dp/hard/libc_nano.a(lib_a-memset.o)
                0x000000000800a118                memset
 *(.glue_7)
 .glue_7        0x000000000800a128        0x0 linker stubs
 *(.glue_7t)
 .glue_7t       0x000000000800a128        0x0 linker stubs
 *(.eh_frame)
 .eh_frame      0x000000000800a128        0x0 /opt/st/stm32cubeide_1.10.1/plugins/com.st.stm32cube.ide.mcu.externaltools.gnu-tools-for-stm32.10.3-2021.10.linux64_1.0.0.202111181127/tools/bin/../lib/gcc/arm-none-eabi/10.3.1/thumb/v7e-m+dp/hard/crtbegin.o
 *(.init)
 .init          0x000000000800a128        0x4 /opt/st/stm32cubeide_1.10.1/plugins/com.st.stm32cube.ide.mcu.externaltools.gnu-tools-for-stm32.10.3-2021.10.linux64_1.0.0.202111181127/tools/bin/../lib/gcc/arm-none-eabi/10.3.1/thumb/v7e-m+dp/hard/crti.o
                0x000000000800a128                _init
 .init          0x000000000800a12c        0x8 /opt/st/stm32cubeide_1.10.1/plugins/com.st.stm32cube.ide.mcu.externaltools.gnu-tools-for-stm32.10.3-2021.10.linux64_1.0.0.202111181127/tools/bin/../lib/gcc/arm-none-eabi/10.3.1/thumb/v7e-m+dp/hard/crtn.o
 *(.fini)
 .fini          0x000000000800a134        0x4 /opt/st/stm32cubeide_1.10.1/plugins/com.st.stm32cube.ide.mcu.externaltools.gnu-tools-for-stm32.10.3-2021.10.linux64_1.0.0.202111181127/tools/bin/../lib/gcc/arm-none-eabi/10.3.1/thumb/v7e-m+dp/hard/crti.o
                0x000000000800a134                _fini
 .fini          0x000000000800a138        0x8 /opt/st/stm32cubeide_1.10.1/plugins/com.st.stm32cube.ide.mcu.externaltools.gnu-tools-for-stm32.10.3-2021.10.linux64_1.0.0.202111181127/tools/bin/../lib/gcc/arm-none-eabi/10.3.1/thumb/v7e-m+dp/hard/crtn.o
                0x000000000800a140                . = ALIGN (0x4)
                0x000000000800a140                _etext = .

.vfp11_veneer   0x000000000800a140        0x0
 .vfp11_veneer  0x000000000800a140        0x0 linker stubs

.v4_bx          0x000000000800a140        0x0
 .v4_bx         0x000000000800a140        0x0 linker stubs

.iplt           0x000000000800a140        0x0
 .iplt          0x000000000800a140        0x0 /opt/st/stm32cubeide_1.10.1/plugins/com.st.stm32cube.ide.mcu.externaltools.gnu-tools-for-stm32.10.3-2021.10.linux64_1.0.0.202111181127/tools/bin/../lib/gcc/arm-none-eabi/10.3.1/thumb/v7e-m+dp/hard/crtbegin.o

.rodata         0x000000000800a140       0x38
                0x000000000800a140                . = ALIGN (0x4)
 *(.rodata)
 *(.rodata*)
 .rodata.D1CorePrescTable
                0x000000000800a140       0x10 ./Core/Src/system_stm32h7xx.o
                0x000000000800a140                D1CorePrescTable
 .rodata.UARTPrescTable
                0x000000000800a150       0x18 ./Drivers/STM32H7xx_HAL_Driver/Src/stm32h7xx_hal_uart.o
                0x000000000800a150                UARTPrescTable
 .rodata.numerator.1
                0x000000000800a168        0x8 ./Drivers/STM32H7xx_HAL_Driver/Src/stm32h7xx_hal_uart_ex.o
 .rodata.denominator.0
                0x000000000800a170        0x8 ./Drivers/STM32H7xx_HAL_Driver/Src/stm32h7xx_hal_uart_ex.o
                0x000000000800a178                . = ALIGN (0x4)

.ARM.extab
 *(.ARM.extab* .gnu.linkonce.armextab.*)

.ARM            0x000000000800a178        0x8
                0x000000000800a178                __exidx_start = .
 *(.ARM.exidx*)
 .ARM.exidx     0x000000000800a178        0x8 /opt/st/stm32cubeide_1.10.1/plugins/com.st.stm32cube.ide.mcu.externaltools.gnu-tools-for-stm32.10.3-2021.10.linux64_1.0.0.202111181127/tools/bin/../lib/gcc/arm-none-eabi/10.3.1/thumb/v7e-m+dp/hard/libgcc.a(_udivmoddi4.o)
                0x000000000800a180                __exidx_end = .

.rel.dyn        0x000000000800a180        0x0
 .rel.iplt      0x000000000800a180        0x0 /opt/st/stm32cubeide_1.10.1/plugins/com.st.stm32cube.ide.mcu.externaltools.gnu-tools-for-stm32.10.3-2021.10.linux64_1.0.0.202111181127/tools/bin/../lib/gcc/arm-none-eabi/10.3.1/thumb/v7e-m+dp/hard/crtbegin.o

.preinit_array  0x000000000800a180        0x0
                0x000000000800a180                PROVIDE (__preinit_array_start = .)
 *(.preinit_array*)
                0x000000000800a180                PROVIDE (__preinit_array_end = .)

.init_array     0x000000000800a180        0x4
                0x000000000800a180                PROVIDE (__init_array_start = .)
 *(SORT_BY_NAME(.init_array.*))
 *(.init_array*)
 .init_array    0x000000000800a180        0x4 /opt/st/stm32cubeide_1.10.1/plugins/com.st.stm32cube.ide.mcu.externaltools.gnu-tools-for-stm32.10.3-2021.10.linux64_1.0.0.202111181127/tools/bin/../lib/gcc/arm-none-eabi/10.3.1/thumb/v7e-m+dp/hard/crtbegin.o
                0x000000000800a184                PROVIDE (__init_array_end = .)

.fini_array     0x000000000800a184        0x4
                [!provide]                        PROVIDE (__fini_array_start = .)
 *(SORT_BY_NAME(.fini_array.*))
 *(.fini_array*)
 .fini_array    0x000000000800a184        0x4 /opt/st/stm32cubeide_1.10.1/plugins/com.st.stm32cube.ide.mcu.externaltools.gnu-tools-for-stm32.10.3-2021.10.linux64_1.0.0.202111181127/tools/bin/../lib/gcc/arm-none-eabi/10.3.1/thumb/v7e-m+dp/hard/crtbegin.o
                [!provide]                        PROVIDE (__fini_array_end = .)
                0x000000000800a188                _sidata = LOADADDR (.data)

.data           0x0000000024000000       0x10 load address 0x000000000800a188
                0x0000000024000000                . = ALIGN (0x4)
                0x0000000024000000                _sdata = .
 *(.data)
 *(.data*)
 .data.SystemCoreClock
                0x0000000024000000        0x4 ./Core/Src/system_stm32h7xx.o
                0x0000000024000000                SystemCoreClock
 .data.SystemD2Clock
                0x0000000024000004        0x4 ./Core/Src/system_stm32h7xx.o
                0x0000000024000004                SystemD2Clock
 .data.uwTickPrio
                0x0000000024000008        0x4 ./Drivers/STM32H7xx_HAL_Driver/Src/stm32h7xx_hal.o
                0x0000000024000008                uwTickPrio
 .data.uwTickFreq
                0x000000002400000c        0x1 ./Drivers/STM32H7xx_HAL_Driver/Src/stm32h7xx_hal.o
                0x000000002400000c                uwTickFreq
 *(.RamFunc)
 *(.RamFunc*)
                0x0000000024000010                . = ALIGN (0x4)
 *fill*         0x000000002400000d        0x3 
                0x0000000024000010                _edata = .

.igot.plt       0x0000000024000010        0x0 load address 0x000000000800a198
 .igot.plt      0x0000000024000010        0x0 /opt/st/stm32cubeide_1.10.1/plugins/com.st.stm32cube.ide.mcu.externaltools.gnu-tools-for-stm32.10.3-2021.10.linux64_1.0.0.202111181127/tools/bin/../lib/gcc/arm-none-eabi/10.3.1/thumb/v7e-m+dp/hard/crtbegin.o
                0x0000000024000010                . = ALIGN (0x4)

.bss            0x0000000024000010      0x3b8 load address 0x000000000800a198
                0x0000000024000010                _sbss = .
                0x0000000024000010                __bss_start__ = _sbss
 *(.bss)
 .bss           0x0000000024000010       0x1c /opt/st/stm32cubeide_1.10.1/plugins/com.st.stm32cube.ide.mcu.externaltools.gnu-tools-for-stm32.10.3-2021.10.linux64_1.0.0.202111181127/tools/bin/../lib/gcc/arm-none-eabi/10.3.1/thumb/v7e-m+dp/hard/crtbegin.o
 *(.bss*)
 .bss.hsdram1   0x000000002400002c       0x34 ./Core/Src/fmc.o
                0x000000002400002c                hsdram1
 .bss.FMC_Initialized
                0x0000000024000060        0x4 ./Core/Src/fmc.o
 .bss.hi2c4     0x0000000024000064       0x4c ./Core/Src/i2c.o
                0x0000000024000064                hi2c4
 .bss.hi2s6     0x00000000240000b0       0x54 ./Core/Src/i2s.o
                0x00000000240000b0                hi2s6
 .bss.hltdc     0x0000000024000104       0xa8 ./Core/Src/ltdc.o
                0x0000000024000104                hltdc
 .bss.hospi1    0x00000000240001ac       0x5c ./Core/Src/octospi.o
                0x00000000240001ac                hospi1
 .bss.hrtc      0x0000000024000208       0x28 ./Core/Src/rtc.o
                0x0000000024000208                hrtc
 .bss.hsd1      0x0000000024000230       0x7c ./Core/Src/sdmmc.o
                0x0000000024000230                hsd1
 .bss.hspi2     0x00000000240002ac       0x88 ./Core/Src/spi.o
                0x00000000240002ac                hspi2
 .bss.huart1    0x0000000024000334       0x90 ./Core/Src/usart.o
                0x0000000024000334                huart1
 .bss.uwTick    0x00000000240003c4        0x4 ./Drivers/STM32H7xx_HAL_Driver/Src/stm32h7xx_hal.o
                0x00000000240003c4                uwTick
 *(COMMON)
                0x00000000240003c8                . = ALIGN (0x4)
                0x00000000240003c8                _ebss = .
                0x00000000240003c8                __bss_end__ = _ebss

._user_heap_stack
                0x00000000240003c8      0x600 load address 0x000000000800a198
                0x00000000240003c8                . = ALIGN (0x8)
                [!provide]                        PROVIDE (end = .)
                0x00000000240003c8                PROVIDE (_end = .)
                0x00000000240005c8                . = (. + _Min_Heap_Size)
 *fill*         0x00000000240003c8      0x200 
                0x00000000240009c8                . = (. + _Min_Stack_Size)
 *fill*         0x00000000240005c8      0x400 
                0x00000000240009c8                . = ALIGN (0x8)

/DISCARD/
 libc.a(*)
 libm.a(*)
 libgcc.a(*)

.ARM.attributes
                0x0000000000000000       0x2e
 *(.ARM.attributes)
 .ARM.attributes
                0x0000000000000000       0x1e /opt/st/stm32cubeide_1.10.1/plugins/com.st.stm32cube.ide.mcu.externaltools.gnu-tools-for-stm32.10.3-2021.10.linux64_1.0.0.202111181127/tools/bin/../lib/gcc/arm-none-eabi/10.3.1/thumb/v7e-m+dp/hard/crti.o
 .ARM.attributes
                0x000000000000001e       0x32 /opt/st/stm32cubeide_1.10.1/plugins/com.st.stm32cube.ide.mcu.externaltools.gnu-tools-for-stm32.10.3-2021.10.linux64_1.0.0.202111181127/tools/bin/../lib/gcc/arm-none-eabi/10.3.1/thumb/v7e-m+dp/hard/crtbegin.o
 .ARM.attributes
                0x0000000000000050       0x32 ./Core/Src/fmc.o
 .ARM.attributes
                0x0000000000000082       0x32 ./Core/Src/gpio.o
 .ARM.attributes
                0x00000000000000b4       0x32 ./Core/Src/i2c.o
 .ARM.attributes
                0x00000000000000e6       0x32 ./Core/Src/i2s.o
 .ARM.attributes
                0x0000000000000118       0x32 ./Core/Src/ltdc.o
 .ARM.attributes
                0x000000000000014a       0x32 ./Core/Src/main.o
 .ARM.attributes
                0x000000000000017c       0x32 ./Core/Src/octospi.o
 .ARM.attributes
                0x00000000000001ae       0x32 ./Core/Src/rtc.o
 .ARM.attributes
                0x00000000000001e0       0x32 ./Core/Src/sdmmc.o
 .ARM.attributes
                0x0000000000000212       0x32 ./Core/Src/spi.o
 .ARM.attributes
                0x0000000000000244       0x32 ./Core/Src/stm32h7xx_hal_msp.o
 .ARM.attributes
                0x0000000000000276       0x32 ./Core/Src/stm32h7xx_it.o
 .ARM.attributes
                0x00000000000002a8       0x32 ./Core/Src/system_stm32h7xx.o
 .ARM.attributes
                0x00000000000002da       0x32 ./Core/Src/usart.o
 .ARM.attributes
                0x000000000000030c       0x21 ./Core/Startup/startup_stm32h7b3lihxq.o
 .ARM.attributes
                0x000000000000032d       0x32 ./Drivers/STM32H7xx_HAL_Driver/Src/stm32h7xx_hal.o
 .ARM.attributes
                0x000000000000035f       0x32 ./Drivers/STM32H7xx_HAL_Driver/Src/stm32h7xx_hal_cortex.o
 .ARM.attributes
                0x0000000000000391       0x32 ./Drivers/STM32H7xx_HAL_Driver/Src/stm32h7xx_hal_gpio.o
 .ARM.attributes
                0x00000000000003c3       0x32 ./Drivers/STM32H7xx_HAL_Driver/Src/stm32h7xx_hal_i2c.o
 .ARM.attributes
                0x00000000000003f5       0x32 ./Drivers/STM32H7xx_HAL_Driver/Src/stm32h7xx_hal_i2c_ex.o
 .ARM.attributes
                0x0000000000000427       0x32 ./Drivers/STM32H7xx_HAL_Driver/Src/stm32h7xx_hal_i2s.o
 .ARM.attributes
                0x0000000000000459       0x32 ./Drivers/STM32H7xx_HAL_Driver/Src/stm32h7xx_hal_ltdc.o
 .ARM.attributes
                0x000000000000048b       0x32 ./Drivers/STM32H7xx_HAL_Driver/Src/stm32h7xx_hal_ospi.o
 .ARM.attributes
                0x00000000000004bd       0x32 ./Drivers/STM32H7xx_HAL_Driver/Src/stm32h7xx_hal_pwr.o
 .ARM.attributes
                0x00000000000004ef       0x32 ./Drivers/STM32H7xx_HAL_Driver/Src/stm32h7xx_hal_pwr_ex.o
 .ARM.attributes
                0x0000000000000521       0x32 ./Drivers/STM32H7xx_HAL_Driver/Src/stm32h7xx_hal_rcc.o
 .ARM.attributes
                0x0000000000000553       0x32 ./Drivers/STM32H7xx_HAL_Driver/Src/stm32h7xx_hal_rcc_ex.o
 .ARM.attributes
                0x0000000000000585       0x32 ./Drivers/STM32H7xx_HAL_Driver/Src/stm32h7xx_hal_rtc.o
 .ARM.attributes
                0x00000000000005b7       0x32 ./Drivers/STM32H7xx_HAL_Driver/Src/stm32h7xx_hal_sd.o
 .ARM.attributes
                0x00000000000005e9       0x32 ./Drivers/STM32H7xx_HAL_Driver/Src/stm32h7xx_hal_sdram.o
 .ARM.attributes
                0x000000000000061b       0x32 ./Drivers/STM32H7xx_HAL_Driver/Src/stm32h7xx_hal_spi.o
 .ARM.attributes
                0x000000000000064d       0x32 ./Drivers/STM32H7xx_HAL_Driver/Src/stm32h7xx_hal_uart.o
 .ARM.attributes
                0x000000000000067f       0x32 ./Drivers/STM32H7xx_HAL_Driver/Src/stm32h7xx_hal_uart_ex.o
 .ARM.attributes
                0x00000000000006b1       0x32 ./Drivers/STM32H7xx_HAL_Driver/Src/stm32h7xx_ll_fmc.o
 .ARM.attributes
                0x00000000000006e3       0x32 ./Drivers/STM32H7xx_HAL_Driver/Src/stm32h7xx_ll_sdmmc.o
 .ARM.attributes
                0x0000000000000715       0x32 ./led_rgb/led.o
 .ARM.attributes
                0x0000000000000747       0x32 /opt/st/stm32cubeide_1.10.1/plugins/com.st.stm32cube.ide.mcu.externaltools.gnu-tools-for-stm32.10.3-2021.10.linux64_1.0.0.202111181127/tools/bin/../lib/gcc/arm-none-eabi/10.3.1/../../../../arm-none-eabi/lib/thumb/v7e-m+dp/hard/libc_nano.a(lib_a-init.o)
 .ARM.attributes
                0x0000000000000779       0x32 /opt/st/stm32cubeide_1.10.1/plugins/com.st.stm32cube.ide.mcu.externaltools.gnu-tools-for-stm32.10.3-2021.10.linux64_1.0.0.202111181127/tools/bin/../lib/gcc/arm-none-eabi/10.3.1/../../../../arm-none-eabi/lib/thumb/v7e-m+dp/hard/libc_nano.a(lib_a-memset.o)
 .ARM.attributes
                0x00000000000007ab       0x1e /opt/st/stm32cubeide_1.10.1/plugins/com.st.stm32cube.ide.mcu.externaltools.gnu-tools-for-stm32.10.3-2021.10.linux64_1.0.0.202111181127/tools/bin/../lib/gcc/arm-none-eabi/10.3.1/thumb/v7e-m+dp/hard/libgcc.a(_aeabi_uldivmod.o)
 .ARM.attributes
                0x00000000000007c9       0x32 /opt/st/stm32cubeide_1.10.1/plugins/com.st.stm32cube.ide.mcu.externaltools.gnu-tools-for-stm32.10.3-2021.10.linux64_1.0.0.202111181127/tools/bin/../lib/gcc/arm-none-eabi/10.3.1/thumb/v7e-m+dp/hard/libgcc.a(_udivmoddi4.o)
 .ARM.attributes
                0x00000000000007fb       0x1e /opt/st/stm32cubeide_1.10.1/plugins/com.st.stm32cube.ide.mcu.externaltools.gnu-tools-for-stm32.10.3-2021.10.linux64_1.0.0.202111181127/tools/bin/../lib/gcc/arm-none-eabi/10.3.1/thumb/v7e-m+dp/hard/libgcc.a(_dvmd_tls.o)
 .ARM.attributes
                0x0000000000000819       0x1e /opt/st/stm32cubeide_1.10.1/plugins/com.st.stm32cube.ide.mcu.externaltools.gnu-tools-for-stm32.10.3-2021.10.linux64_1.0.0.202111181127/tools/bin/../lib/gcc/arm-none-eabi/10.3.1/thumb/v7e-m+dp/hard/crtn.o
OUTPUT(LED_Project.elf elf32-littlearm)
LOAD linker stubs
LOAD /opt/st/stm32cubeide_1.10.1/plugins/com.st.stm32cube.ide.mcu.externaltools.gnu-tools-for-stm32.10.3-2021.10.linux64_1.0.0.202111181127/tools/bin/../lib/gcc/arm-none-eabi/10.3.1/../../../../arm-none-eabi/lib/thumb/v7e-m+dp/hard/libc.a
LOAD /opt/st/stm32cubeide_1.10.1/plugins/com.st.stm32cube.ide.mcu.externaltools.gnu-tools-for-stm32.10.3-2021.10.linux64_1.0.0.202111181127/tools/bin/../lib/gcc/arm-none-eabi/10.3.1/../../../../arm-none-eabi/lib/thumb/v7e-m+dp/hard/libm.a
LOAD /opt/st/stm32cubeide_1.10.1/plugins/com.st.stm32cube.ide.mcu.externaltools.gnu-tools-for-stm32.10.3-2021.10.linux64_1.0.0.202111181127/tools/bin/../lib/gcc/arm-none-eabi/10.3.1/thumb/v7e-m+dp/hard/libgcc.a

.debug_info     0x0000000000000000    0x25832
 .debug_info    0x0000000000000000      0xd50 ./Core/Src/fmc.o
 .debug_info    0x0000000000000d50      0x798 ./Core/Src/gpio.o
 .debug_info    0x00000000000014e8     0x103c ./Core/Src/i2c.o
 .debug_info    0x0000000000002524     0x104e ./Core/Src/i2s.o
 .debug_info    0x0000000000003572      0xe59 ./Core/Src/ltdc.o
 .debug_info    0x00000000000043cb      0xc0e ./Core/Src/main.o
 .debug_info    0x0000000000004fd9     0x112d ./Core/Src/octospi.o
 .debug_info    0x0000000000006106      0xafa ./Core/Src/rtc.o
 .debug_info    0x0000000000006c00      0xb1e ./Core/Src/sdmmc.o
 .debug_info    0x000000000000771e     0x10f2 ./Core/Src/spi.o
 .debug_info    0x0000000000008810      0x4cc ./Core/Src/stm32h7xx_hal_msp.o
 .debug_info    0x0000000000008cdc      0x137 ./Core/Src/stm32h7xx_it.o
 .debug_info    0x0000000000008e13      0xc8a ./Core/Src/system_stm32h7xx.o
 .debug_info    0x0000000000009a9d     0x10e8 ./Core/Src/usart.o
 .debug_info    0x000000000000ab85       0x22 ./Core/Startup/startup_stm32h7b3lihxq.o
 .debug_info    0x000000000000aba7     0x1488 ./Drivers/STM32H7xx_HAL_Driver/Src/stm32h7xx_hal.o
 .debug_info    0x000000000000c02f     0x1161 ./Drivers/STM32H7xx_HAL_Driver/Src/stm32h7xx_hal_cortex.o
 .debug_info    0x000000000000d190      0xbe7 ./Drivers/STM32H7xx_HAL_Driver/Src/stm32h7xx_hal_gpio.o
 .debug_info    0x000000000000dd77     0x23b3 ./Drivers/STM32H7xx_HAL_Driver/Src/stm32h7xx_hal_i2c.o
 .debug_info    0x000000000001012a      0xcf8 ./Drivers/STM32H7xx_HAL_Driver/Src/stm32h7xx_hal_i2c_ex.o
 .debug_info    0x0000000000010e22     0x117f ./Drivers/STM32H7xx_HAL_Driver/Src/stm32h7xx_hal_i2s.o
 .debug_info    0x0000000000011fa1     0x1163 ./Drivers/STM32H7xx_HAL_Driver/Src/stm32h7xx_hal_ltdc.o
 .debug_info    0x0000000000013104     0x1aa6 ./Drivers/STM32H7xx_HAL_Driver/Src/stm32h7xx_hal_ospi.o
 .debug_info    0x0000000000014baa      0x961 ./Drivers/STM32H7xx_HAL_Driver/Src/stm32h7xx_hal_pwr.o
 .debug_info    0x000000000001550b      0xfba ./Drivers/STM32H7xx_HAL_Driver/Src/stm32h7xx_hal_pwr_ex.o
 .debug_info    0x00000000000164c5      0xf8f ./Drivers/STM32H7xx_HAL_Driver/Src/stm32h7xx_hal_rcc.o
 .debug_info    0x0000000000017454     0x12a4 ./Drivers/STM32H7xx_HAL_Driver/Src/stm32h7xx_hal_rcc_ex.o
 .debug_info    0x00000000000186f8     0x1102 ./Drivers/STM32H7xx_HAL_Driver/Src/stm32h7xx_hal_rtc.o
 .debug_info    0x00000000000197fa     0x1b53 ./Drivers/STM32H7xx_HAL_Driver/Src/stm32h7xx_hal_sd.o
 .debug_info    0x000000000001b34d     0x10e3 ./Drivers/STM32H7xx_HAL_Driver/Src/stm32h7xx_hal_sdram.o
 .debug_info    0x000000000001c430     0x15ce ./Drivers/STM32H7xx_HAL_Driver/Src/stm32h7xx_hal_spi.o
 .debug_info    0x000000000001d9fe     0x4c6a ./Drivers/STM32H7xx_HAL_Driver/Src/stm32h7xx_hal_uart.o
 .debug_info    0x0000000000022668     0x100b ./Drivers/STM32H7xx_HAL_Driver/Src/stm32h7xx_hal_uart_ex.o
 .debug_info    0x0000000000023673      0xc4b ./Drivers/STM32H7xx_HAL_Driver/Src/stm32h7xx_ll_fmc.o
 .debug_info    0x00000000000242be     0x1315 ./Drivers/STM32H7xx_HAL_Driver/Src/stm32h7xx_ll_sdmmc.o
 .debug_info    0x00000000000255d3      0x25f ./led_rgb/led.o

.debug_abbrev   0x0000000000000000     0x4991
 .debug_abbrev  0x0000000000000000      0x27a ./Core/Src/fmc.o
 .debug_abbrev  0x000000000000027a      0x18c ./Core/Src/gpio.o
 .debug_abbrev  0x0000000000000406      0x248 ./Core/Src/i2c.o
 .debug_abbrev  0x000000000000064e      0x226 ./Core/Src/i2s.o
 .debug_abbrev  0x0000000000000874      0x205 ./Core/Src/ltdc.o
 .debug_abbrev  0x0000000000000a79      0x238 ./Core/Src/main.o
 .debug_abbrev  0x0000000000000cb1      0x226 ./Core/Src/octospi.o
 .debug_abbrev  0x0000000000000ed7      0x1d2 ./Core/Src/rtc.o
 .debug_abbrev  0x00000000000010a9      0x20c ./Core/Src/sdmmc.o
 .debug_abbrev  0x00000000000012b5      0x226 ./Core/Src/spi.o
 .debug_abbrev  0x00000000000014db       0xeb ./Core/Src/stm32h7xx_hal_msp.o
 .debug_abbrev  0x00000000000015c6       0x74 ./Core/Src/stm32h7xx_it.o
 .debug_abbrev  0x000000000000163a      0x147 ./Core/Src/system_stm32h7xx.o
 .debug_abbrev  0x0000000000001781      0x244 ./Core/Src/usart.o
 .debug_abbrev  0x00000000000019c5       0x12 ./Core/Startup/startup_stm32h7b3lihxq.o
 .debug_abbrev  0x00000000000019d7      0x289 ./Drivers/STM32H7xx_HAL_Driver/Src/stm32h7xx_hal.o
 .debug_abbrev  0x0000000000001c60      0x329 ./Drivers/STM32H7xx_HAL_Driver/Src/stm32h7xx_hal_cortex.o
 .debug_abbrev  0x0000000000001f89      0x1ec ./Drivers/STM32H7xx_HAL_Driver/Src/stm32h7xx_hal_gpio.o
 .debug_abbrev  0x0000000000002175      0x243 ./Drivers/STM32H7xx_HAL_Driver/Src/stm32h7xx_hal_i2c.o
 .debug_abbrev  0x00000000000023b8      0x1e1 ./Drivers/STM32H7xx_HAL_Driver/Src/stm32h7xx_hal_i2c_ex.o
 .debug_abbrev  0x0000000000002599      0x230 ./Drivers/STM32H7xx_HAL_Driver/Src/stm32h7xx_hal_i2s.o
 .debug_abbrev  0x00000000000027c9      0x221 ./Drivers/STM32H7xx_HAL_Driver/Src/stm32h7xx_hal_ltdc.o
 .debug_abbrev  0x00000000000029ea      0x2a8 ./Drivers/STM32H7xx_HAL_Driver/Src/stm32h7xx_hal_ospi.o
 .debug_abbrev  0x0000000000002c92      0x182 ./Drivers/STM32H7xx_HAL_Driver/Src/stm32h7xx_hal_pwr.o
 .debug_abbrev  0x0000000000002e14      0x27e ./Drivers/STM32H7xx_HAL_Driver/Src/stm32h7xx_hal_pwr_ex.o
 .debug_abbrev  0x0000000000003092      0x2b8 ./Drivers/STM32H7xx_HAL_Driver/Src/stm32h7xx_hal_rcc.o
 .debug_abbrev  0x000000000000334a      0x26d ./Drivers/STM32H7xx_HAL_Driver/Src/stm32h7xx_hal_rcc_ex.o
 .debug_abbrev  0x00000000000035b7      0x210 ./Drivers/STM32H7xx_HAL_Driver/Src/stm32h7xx_hal_rtc.o
 .debug_abbrev  0x00000000000037c7      0x25e ./Drivers/STM32H7xx_HAL_Driver/Src/stm32h7xx_hal_sd.o
 .debug_abbrev  0x0000000000003a25      0x230 ./Drivers/STM32H7xx_HAL_Driver/Src/stm32h7xx_hal_sdram.o
 .debug_abbrev  0x0000000000003c55      0x29b ./Drivers/STM32H7xx_HAL_Driver/Src/stm32h7xx_hal_spi.o
 .debug_abbrev  0x0000000000003ef0      0x336 ./Drivers/STM32H7xx_HAL_Driver/Src/stm32h7xx_hal_uart.o
 .debug_abbrev  0x0000000000004226      0x2bd ./Drivers/STM32H7xx_HAL_Driver/Src/stm32h7xx_hal_uart_ex.o
 .debug_abbrev  0x00000000000044e3      0x196 ./Drivers/STM32H7xx_HAL_Driver/Src/stm32h7xx_ll_fmc.o
 .debug_abbrev  0x0000000000004679      0x1fd ./Drivers/STM32H7xx_HAL_Driver/Src/stm32h7xx_ll_sdmmc.o
 .debug_abbrev  0x0000000000004876      0x11b ./led_rgb/led.o

.debug_aranges  0x0000000000000000     0x1aa8
 .debug_aranges
                0x0000000000000000       0x40 ./Core/Src/fmc.o
 .debug_aranges
                0x0000000000000040       0x20 ./Core/Src/gpio.o
 .debug_aranges
                0x0000000000000060       0x30 ./Core/Src/i2c.o
 .debug_aranges
                0x0000000000000090       0x30 ./Core/Src/i2s.o
 .debug_aranges
                0x00000000000000c0       0x30 ./Core/Src/ltdc.o
 .debug_aranges
                0x00000000000000f0       0x38 ./Core/Src/main.o
 .debug_aranges
                0x0000000000000128       0x30 ./Core/Src/octospi.o
 .debug_aranges
                0x0000000000000158       0x30 ./Core/Src/rtc.o
 .debug_aranges
                0x0000000000000188       0x30 ./Core/Src/sdmmc.o
 .debug_aranges
                0x00000000000001b8       0x30 ./Core/Src/spi.o
 .debug_aranges
                0x00000000000001e8       0x20 ./Core/Src/stm32h7xx_hal_msp.o
 .debug_aranges
                0x0000000000000208       0x60 ./Core/Src/stm32h7xx_it.o
 .debug_aranges
                0x0000000000000268       0x28 ./Core/Src/system_stm32h7xx.o
 .debug_aranges
                0x0000000000000290       0x30 ./Core/Src/usart.o
 .debug_aranges
                0x00000000000002c0       0x28 ./Core/Startup/startup_stm32h7b3lihxq.o
 .debug_aranges
                0x00000000000002e8      0x1a0 ./Drivers/STM32H7xx_HAL_Driver/Src/stm32h7xx_hal.o
 .debug_aranges
                0x0000000000000488      0x120 ./Drivers/STM32H7xx_HAL_Driver/Src/stm32h7xx_hal_cortex.o
 .debug_aranges
                0x00000000000005a8       0x58 ./Drivers/STM32H7xx_HAL_Driver/Src/stm32h7xx_hal_gpio.o
 .debug_aranges
                0x0000000000000600      0x290 ./Drivers/STM32H7xx_HAL_Driver/Src/stm32h7xx_hal_i2c.o
 .debug_aranges
                0x0000000000000890       0x48 ./Drivers/STM32H7xx_HAL_Driver/Src/stm32h7xx_hal_i2c_ex.o
 .debug_aranges
                0x00000000000008d8      0x148 ./Drivers/STM32H7xx_HAL_Driver/Src/stm32h7xx_hal_i2s.o
 .debug_aranges
                0x0000000000000a20      0x158 ./Drivers/STM32H7xx_HAL_Driver/Src/stm32h7xx_hal_ltdc.o
 .debug_aranges
                0x0000000000000b78      0x168 ./Drivers/STM32H7xx_HAL_Driver/Src/stm32h7xx_hal_ospi.o
 .debug_aranges
                0x0000000000000ce0       0xa0 ./Drivers/STM32H7xx_HAL_Driver/Src/stm32h7xx_hal_pwr.o
 .debug_aranges
                0x0000000000000d80      0x188 ./Drivers/STM32H7xx_HAL_Driver/Src/stm32h7xx_hal_pwr_ex.o
 .debug_aranges
                0x0000000000000f08       0x88 ./Drivers/STM32H7xx_HAL_Driver/Src/stm32h7xx_hal_rcc.o
 .debug_aranges
                0x0000000000000f90       0xf0 ./Drivers/STM32H7xx_HAL_Driver/Src/stm32h7xx_hal_rcc_ex.o
 .debug_aranges
                0x0000000000001080       0xc0 ./Drivers/STM32H7xx_HAL_Driver/Src/stm32h7xx_hal_rtc.o
 .debug_aranges
                0x0000000000001140      0x170 ./Drivers/STM32H7xx_HAL_Driver/Src/stm32h7xx_hal_sd.o
 .debug_aranges
                0x00000000000012b0       0xe8 ./Drivers/STM32H7xx_HAL_Driver/Src/stm32h7xx_hal_sdram.o
 .debug_aranges
                0x0000000000001398      0x1a0 ./Drivers/STM32H7xx_HAL_Driver/Src/stm32h7xx_hal_spi.o
 .debug_aranges
                0x0000000000001538      0x248 ./Drivers/STM32H7xx_HAL_Driver/Src/stm32h7xx_hal_uart.o
 .debug_aranges
                0x0000000000001780       0xa0 ./Drivers/STM32H7xx_HAL_Driver/Src/stm32h7xx_hal_uart_ex.o
 .debug_aranges
                0x0000000000001820       0xc8 ./Drivers/STM32H7xx_HAL_Driver/Src/stm32h7xx_ll_fmc.o
 .debug_aranges
                0x00000000000018e8      0x1a0 ./Drivers/STM32H7xx_HAL_Driver/Src/stm32h7xx_ll_sdmmc.o
 .debug_aranges
                0x0000000000001a88       0x20 ./led_rgb/led.o

.debug_ranges   0x0000000000000000     0x18a0
 .debug_ranges  0x0000000000000000       0x30 ./Core/Src/fmc.o
 .debug_ranges  0x0000000000000030       0x10 ./Core/Src/gpio.o
 .debug_ranges  0x0000000000000040       0x20 ./Core/Src/i2c.o
 .debug_ranges  0x0000000000000060       0x20 ./Core/Src/i2s.o
 .debug_ranges  0x0000000000000080       0x20 ./Core/Src/ltdc.o
 .debug_ranges  0x00000000000000a0       0x28 ./Core/Src/main.o
 .debug_ranges  0x00000000000000c8       0x20 ./Core/Src/octospi.o
 .debug_ranges  0x00000000000000e8       0x20 ./Core/Src/rtc.o
 .debug_ranges  0x0000000000000108       0x20 ./Core/Src/sdmmc.o
 .debug_ranges  0x0000000000000128       0x20 ./Core/Src/spi.o
 .debug_ranges  0x0000000000000148       0x10 ./Core/Src/stm32h7xx_hal_msp.o
 .debug_ranges  0x0000000000000158       0x50 ./Core/Src/stm32h7xx_it.o
 .debug_ranges  0x00000000000001a8       0x18 ./Core/Src/system_stm32h7xx.o
 .debug_ranges  0x00000000000001c0       0x20 ./Core/Src/usart.o
 .debug_ranges  0x00000000000001e0       0x20 ./Core/Startup/startup_stm32h7b3lihxq.o
 .debug_ranges  0x0000000000000200      0x190 ./Drivers/STM32H7xx_HAL_Driver/Src/stm32h7xx_hal.o
 .debug_ranges  0x0000000000000390      0x110 ./Drivers/STM32H7xx_HAL_Driver/Src/stm32h7xx_hal_cortex.o
 .debug_ranges  0x00000000000004a0       0x48 ./Drivers/STM32H7xx_HAL_Driver/Src/stm32h7xx_hal_gpio.o
 .debug_ranges  0x00000000000004e8      0x280 ./Drivers/STM32H7xx_HAL_Driver/Src/stm32h7xx_hal_i2c.o
 .debug_ranges  0x0000000000000768       0x38 ./Drivers/STM32H7xx_HAL_Driver/Src/stm32h7xx_hal_i2c_ex.o
 .debug_ranges  0x00000000000007a0      0x138 ./Drivers/STM32H7xx_HAL_Driver/Src/stm32h7xx_hal_i2s.o
 .debug_ranges  0x00000000000008d8      0x148 ./Drivers/STM32H7xx_HAL_Driver/Src/stm32h7xx_hal_ltdc.o
 .debug_ranges  0x0000000000000a20      0x158 ./Drivers/STM32H7xx_HAL_Driver/Src/stm32h7xx_hal_ospi.o
 .debug_ranges  0x0000000000000b78       0x90 ./Drivers/STM32H7xx_HAL_Driver/Src/stm32h7xx_hal_pwr.o
 .debug_ranges  0x0000000000000c08      0x178 ./Drivers/STM32H7xx_HAL_Driver/Src/stm32h7xx_hal_pwr_ex.o
 .debug_ranges  0x0000000000000d80       0x78 ./Drivers/STM32H7xx_HAL_Driver/Src/stm32h7xx_hal_rcc.o
 .debug_ranges  0x0000000000000df8       0xe0 ./Drivers/STM32H7xx_HAL_Driver/Src/stm32h7xx_hal_rcc_ex.o
 .debug_ranges  0x0000000000000ed8       0xb0 ./Drivers/STM32H7xx_HAL_Driver/Src/stm32h7xx_hal_rtc.o
 .debug_ranges  0x0000000000000f88      0x160 ./Drivers/STM32H7xx_HAL_Driver/Src/stm32h7xx_hal_sd.o
 .debug_ranges  0x00000000000010e8       0xd8 ./Drivers/STM32H7xx_HAL_Driver/Src/stm32h7xx_hal_sdram.o
 .debug_ranges  0x00000000000011c0      0x190 ./Drivers/STM32H7xx_HAL_Driver/Src/stm32h7xx_hal_spi.o
 .debug_ranges  0x0000000000001350      0x268 ./Drivers/STM32H7xx_HAL_Driver/Src/stm32h7xx_hal_uart.o
 .debug_ranges  0x00000000000015b8       0x90 ./Drivers/STM32H7xx_HAL_Driver/Src/stm32h7xx_hal_uart_ex.o
 .debug_ranges  0x0000000000001648       0xb8 ./Drivers/STM32H7xx_HAL_Driver/Src/stm32h7xx_ll_fmc.o
 .debug_ranges  0x0000000000001700      0x190 ./Drivers/STM32H7xx_HAL_Driver/Src/stm32h7xx_ll_sdmmc.o
 .debug_ranges  0x0000000000001890       0x10 ./led_rgb/led.o

.debug_macro    0x0000000000000000    0x379ea
 .debug_macro   0x0000000000000000      0x356 ./Core/Src/fmc.o
 .debug_macro   0x0000000000000356      0xa90 ./Core/Src/fmc.o
 .debug_macro   0x0000000000000de6      0x25c ./Core/Src/fmc.o
 .debug_macro   0x0000000000001042       0x2e ./Core/Src/fmc.o
 .debug_macro   0x0000000000001070       0x42 ./Core/Src/fmc.o
 .debug_macro   0x00000000000010b2       0x22 ./Core/Src/fmc.o
 .debug_macro   0x00000000000010d4       0x8e ./Core/Src/fmc.o
 .debug_macro   0x0000000000001162       0x51 ./Core/Src/fmc.o
 .debug_macro   0x00000000000011b3      0x103 ./Core/Src/fmc.o
 .debug_macro   0x00000000000012b6       0x6a ./Core/Src/fmc.o
 .debug_macro   0x0000000000001320      0x1df ./Core/Src/fmc.o
 .debug_macro   0x00000000000014ff       0x1c ./Core/Src/fmc.o
 .debug_macro   0x000000000000151b       0x22 ./Core/Src/fmc.o
 .debug_macro   0x000000000000153d       0xfb ./Core/Src/fmc.o
 .debug_macro   0x0000000000001638     0x1305 ./Core/Src/fmc.o
 .debug_macro   0x000000000000293d      0x11f ./Core/Src/fmc.o
 .debug_macro   0x0000000000002a5c       0x27 ./Core/Src/fmc.o
 .debug_macro   0x0000000000002a83    0x1f2c9 ./Core/Src/fmc.o
 .debug_macro   0x0000000000021d4c       0x6d ./Core/Src/fmc.o
 .debug_macro   0x0000000000021db9     0x3d29 ./Core/Src/fmc.o
 .debug_macro   0x0000000000025ae2      0x174 ./Core/Src/fmc.o
 .debug_macro   0x0000000000025c56       0x52 ./Core/Src/fmc.o
 .debug_macro   0x0000000000025ca8       0x1d ./Core/Src/fmc.o
 .debug_macro   0x0000000000025cc5       0x3c ./Core/Src/fmc.o
 .debug_macro   0x0000000000025d01       0x34 ./Core/Src/fmc.o
 .debug_macro   0x0000000000025d35       0x16 ./Core/Src/fmc.o
 .debug_macro   0x0000000000025d4b       0x43 ./Core/Src/fmc.o
 .debug_macro   0x0000000000025d8e       0x34 ./Core/Src/fmc.o
 .debug_macro   0x0000000000025dc2       0x10 ./Core/Src/fmc.o
 .debug_macro   0x0000000000025dd2       0x58 ./Core/Src/fmc.o
 .debug_macro   0x0000000000025e2a       0x71 ./Core/Src/fmc.o
 .debug_macro   0x0000000000025e9b       0x1c ./Core/Src/fmc.o
 .debug_macro   0x0000000000025eb7      0x12a ./Core/Src/fmc.o
 .debug_macro   0x0000000000025fe1      0x341 ./Core/Src/fmc.o
 .debug_macro   0x0000000000026322      0x19b ./Core/Src/fmc.o
 .debug_macro   0x00000000000264bd       0x5d ./Core/Src/fmc.o
 .debug_macro   0x000000000002651a     0x2606 ./Core/Src/fmc.o
 .debug_macro   0x0000000000028b20     0x1010 ./Core/Src/fmc.o
 .debug_macro   0x0000000000029b30      0x14d ./Core/Src/fmc.o
 .debug_macro   0x0000000000029c7d      0x114 ./Core/Src/fmc.o
 .debug_macro   0x0000000000029d91      0x3bf ./Core/Src/fmc.o
 .debug_macro   0x000000000002a150       0xac ./Core/Src/fmc.o
 .debug_macro   0x000000000002a1fc      0x70a ./Core/Src/fmc.o
 .debug_macro   0x000000000002a906      0x20c ./Core/Src/fmc.o
 .debug_macro   0x000000000002ab12       0x66 ./Core/Src/fmc.o
 .debug_macro   0x000000000002ab78      0x3c9 ./Core/Src/fmc.o
 .debug_macro   0x000000000002af41      0x3eb ./Core/Src/fmc.o
 .debug_macro   0x000000000002b32c      0x275 ./Core/Src/fmc.o
 .debug_macro   0x000000000002b5a1      0x6c8 ./Core/Src/fmc.o
 .debug_macro   0x000000000002bc69      0x520 ./Core/Src/fmc.o
 .debug_macro   0x000000000002c189       0x58 ./Core/Src/fmc.o
 .debug_macro   0x000000000002c1e1       0x4a ./Core/Src/fmc.o
 .debug_macro   0x000000000002c22b      0x22c ./Core/Src/fmc.o
 .debug_macro   0x000000000002c457       0x67 ./Core/Src/fmc.o
 .debug_macro   0x000000000002c4be       0xa5 ./Core/Src/fmc.o
 .debug_macro   0x000000000002c563      0x25d ./Core/Src/fmc.o
 .debug_macro   0x000000000002c7c0      0x198 ./Core/Src/fmc.o
 .debug_macro   0x000000000002c958       0xd6 ./Core/Src/fmc.o
 .debug_macro   0x000000000002ca2e      0x520 ./Core/Src/fmc.o
 .debug_macro   0x000000000002cf4e      0x1bd ./Core/Src/fmc.o
 .debug_macro   0x000000000002d10b      0x2dc ./Core/Src/fmc.o
 .debug_macro   0x000000000002d3e7       0x35 ./Core/Src/fmc.o
 .debug_macro   0x000000000002d41c      0x360 ./Core/Src/fmc.o
 .debug_macro   0x000000000002d77c      0x701 ./Core/Src/fmc.o
 .debug_macro   0x000000000002de7d       0xeb ./Core/Src/fmc.o
 .debug_macro   0x000000000002df68      0x81b ./Core/Src/fmc.o
 .debug_macro   0x000000000002e783       0x16 ./Core/Src/fmc.o
 .debug_macro   0x000000000002e799      0x1ce ./Core/Src/fmc.o
 .debug_macro   0x000000000002e967      0x512 ./Core/Src/fmc.o
 .debug_macro   0x000000000002ee79      0x5e4 ./Core/Src/fmc.o
 .debug_macro   0x000000000002f45d       0x9e ./Core/Src/fmc.o
 .debug_macro   0x000000000002f4fb      0x67e ./Core/Src/fmc.o
 .debug_macro   0x000000000002fb79       0xa6 ./Core/Src/fmc.o
 .debug_macro   0x000000000002fc1f      0x5be ./Core/Src/fmc.o
 .debug_macro   0x00000000000301dd      0x5c4 ./Core/Src/fmc.o
 .debug_macro   0x00000000000307a1      0x356 ./Core/Src/gpio.o
 .debug_macro   0x0000000000030af7      0x356 ./Core/Src/i2c.o
 .debug_macro   0x0000000000030e4d      0x356 ./Core/Src/i2s.o
 .debug_macro   0x00000000000311a3      0x356 ./Core/Src/ltdc.o
 .debug_macro   0x00000000000314f9      0x3be ./Core/Src/main.o
 .debug_macro   0x00000000000318b7      0x356 ./Core/Src/octospi.o
 .debug_macro   0x0000000000031c0d      0x356 ./Core/Src/rtc.o
 .debug_macro   0x0000000000031f63      0x356 ./Core/Src/sdmmc.o
 .debug_macro   0x00000000000322b9      0x356 ./Core/Src/spi.o
 .debug_macro   0x000000000003260f      0x34c ./Core/Src/stm32h7xx_hal_msp.o
 .debug_macro   0x000000000003295b      0x356 ./Core/Src/stm32h7xx_it.o
 .debug_macro   0x0000000000032cb1      0x33d ./Core/Src/system_stm32h7xx.o
 .debug_macro   0x0000000000032fee      0x356 ./Core/Src/usart.o
 .debug_macro   0x0000000000033344      0x367 ./Drivers/STM32H7xx_HAL_Driver/Src/stm32h7xx_hal.o
 .debug_macro   0x00000000000336ab      0x33d ./Drivers/STM32H7xx_HAL_Driver/Src/stm32h7xx_hal_cortex.o
 .debug_macro   0x00000000000339e8      0x344 ./Drivers/STM32H7xx_HAL_Driver/Src/stm32h7xx_hal_gpio.o
 .debug_macro   0x0000000000033d2c      0x409 ./Drivers/STM32H7xx_HAL_Driver/Src/stm32h7xx_hal_i2c.o
 .debug_macro   0x0000000000034135      0x33d ./Drivers/STM32H7xx_HAL_Driver/Src/stm32h7xx_hal_i2c_ex.o
 .debug_macro   0x0000000000034472      0x345 ./Drivers/STM32H7xx_HAL_Driver/Src/stm32h7xx_hal_i2s.o
 .debug_macro   0x00000000000347b7      0x345 ./Drivers/STM32H7xx_HAL_Driver/Src/stm32h7xx_hal_ltdc.o
 .debug_macro   0x0000000000034afc      0x384 ./Drivers/STM32H7xx_HAL_Driver/Src/stm32h7xx_hal_ospi.o
 .debug_macro   0x0000000000034e80      0x361 ./Drivers/STM32H7xx_HAL_Driver/Src/stm32h7xx_hal_pwr.o
 .debug_macro   0x00000000000351e1      0x376 ./Drivers/STM32H7xx_HAL_Driver/Src/stm32h7xx_hal_pwr_ex.o
 .debug_macro   0x0000000000035557      0x361 ./Drivers/STM32H7xx_HAL_Driver/Src/stm32h7xx_hal_rcc.o
 .debug_macro   0x00000000000358b8      0x35b ./Drivers/STM32H7xx_HAL_Driver/Src/stm32h7xx_hal_rcc_ex.o
 .debug_macro   0x0000000000035c13      0x33e ./Drivers/STM32H7xx_HAL_Driver/Src/stm32h7xx_hal_rtc.o
 .debug_macro   0x0000000000035f51      0x35a ./Drivers/STM32H7xx_HAL_Driver/Src/stm32h7xx_hal_sd.o
 .debug_macro   0x00000000000362ab      0x33d ./Drivers/STM32H7xx_HAL_Driver/Src/stm32h7xx_hal_sdram.o
 .debug_macro   0x00000000000365e8      0x34c ./Drivers/STM32H7xx_HAL_Driver/Src/stm32h7xx_hal_spi.o
 .debug_macro   0x0000000000036934      0x368 ./Drivers/STM32H7xx_HAL_Driver/Src/stm32h7xx_hal_uart.o
 .debug_macro   0x0000000000036c9c      0x349 ./Drivers/STM32H7xx_HAL_Driver/Src/stm32h7xx_hal_uart_ex.o
 .debug_macro   0x0000000000036fe5      0x367 ./Drivers/STM32H7xx_HAL_Driver/Src/stm32h7xx_ll_fmc.o
 .debug_macro   0x000000000003734c      0x33e ./Drivers/STM32H7xx_HAL_Driver/Src/stm32h7xx_ll_sdmmc.o
 .debug_macro   0x000000000003768a      0x360 ./led_rgb/led.o

.debug_line     0x0000000000000000    0x2713f
 .debug_line    0x0000000000000000      0xa5c ./Core/Src/fmc.o
 .debug_line    0x0000000000000a5c      0x9b2 ./Core/Src/gpio.o
 .debug_line    0x000000000000140e      0x9d6 ./Core/Src/i2c.o
 .debug_line    0x0000000000001de4      0x9da ./Core/Src/i2s.o
 .debug_line    0x00000000000027be      0xa61 ./Core/Src/ltdc.o
 .debug_line    0x000000000000321f      0xb0b ./Core/Src/main.o
 .debug_line    0x0000000000003d2a      0xa36 ./Core/Src/octospi.o
 .debug_line    0x0000000000004760      0x9aa ./Core/Src/rtc.o
 .debug_line    0x000000000000510a      0x9bf ./Core/Src/sdmmc.o
 .debug_line    0x0000000000005ac9      0x9f8 ./Core/Src/spi.o
 .debug_line    0x00000000000064c1      0x944 ./Core/Src/stm32h7xx_hal_msp.o
 .debug_line    0x0000000000006e05      0xa08 ./Core/Src/stm32h7xx_it.o
 .debug_line    0x000000000000780d      0xaea ./Core/Src/system_stm32h7xx.o
 .debug_line    0x00000000000082f7      0x9e6 ./Core/Src/usart.o
 .debug_line    0x0000000000008cdd       0x89 ./Core/Startup/startup_stm32h7b3lihxq.o
 .debug_line    0x0000000000008d66      0xf00 ./Drivers/STM32H7xx_HAL_Driver/Src/stm32h7xx_hal.o
 .debug_line    0x0000000000009c66      0xef9 ./Drivers/STM32H7xx_HAL_Driver/Src/stm32h7xx_hal_cortex.o
 .debug_line    0x000000000000ab5f      0xdb6 ./Drivers/STM32H7xx_HAL_Driver/Src/stm32h7xx_hal_gpio.o
 .debug_line    0x000000000000b915     0x390b ./Drivers/STM32H7xx_HAL_Driver/Src/stm32h7xx_hal_i2c.o
 .debug_line    0x000000000000f220      0xb63 ./Drivers/STM32H7xx_HAL_Driver/Src/stm32h7xx_hal_i2c_ex.o
 .debug_line    0x000000000000fd83     0x18ce ./Drivers/STM32H7xx_HAL_Driver/Src/stm32h7xx_hal_i2s.o
 .debug_line    0x0000000000011651     0x1962 ./Drivers/STM32H7xx_HAL_Driver/Src/stm32h7xx_hal_ltdc.o
 .debug_line    0x0000000000012fb3     0x199b ./Drivers/STM32H7xx_HAL_Driver/Src/stm32h7xx_hal_ospi.o
 .debug_line    0x000000000001494e      0xb60 ./Drivers/STM32H7xx_HAL_Driver/Src/stm32h7xx_hal_pwr.o
 .debug_line    0x00000000000154ae     0x1081 ./Drivers/STM32H7xx_HAL_Driver/Src/stm32h7xx_hal_pwr_ex.o
 .debug_line    0x000000000001652f     0x1400 ./Drivers/STM32H7xx_HAL_Driver/Src/stm32h7xx_hal_rcc.o
 .debug_line    0x000000000001792f     0x1b3a ./Drivers/STM32H7xx_HAL_Driver/Src/stm32h7xx_hal_rcc_ex.o
 .debug_line    0x0000000000019469     0x12fd ./Drivers/STM32H7xx_HAL_Driver/Src/stm32h7xx_hal_rtc.o
 .debug_line    0x000000000001a766     0x20ff ./Drivers/STM32H7xx_HAL_Driver/Src/stm32h7xx_hal_sd.o
 .debug_line    0x000000000001c865     0x1030 ./Drivers/STM32H7xx_HAL_Driver/Src/stm32h7xx_hal_sdram.o
 .debug_line    0x000000000001d895     0x20c3 ./Drivers/STM32H7xx_HAL_Driver/Src/stm32h7xx_hal_spi.o
 .debug_line    0x000000000001f958     0x3fbd ./Drivers/STM32H7xx_HAL_Driver/Src/stm32h7xx_hal_uart.o
 .debug_line    0x0000000000023915      0xfd1 ./Drivers/STM32H7xx_HAL_Driver/Src/stm32h7xx_hal_uart_ex.o
 .debug_line    0x00000000000248e6      0xcc4 ./Drivers/STM32H7xx_HAL_Driver/Src/stm32h7xx_ll_fmc.o
 .debug_line    0x00000000000255aa     0x1228 ./Drivers/STM32H7xx_HAL_Driver/Src/stm32h7xx_ll_sdmmc.o
 .debug_line    0x00000000000267d2      0x96d ./led_rgb/led.o

.debug_str      0x0000000000000000   0x155855
 .debug_str     0x0000000000000000   0x14c7bd ./Core/Src/fmc.o
                                     0x14ccc7 (size before relaxing)
 .debug_str     0x000000000014c7bd       0x68 ./Core/Src/gpio.o
                                     0x14c6d8 (size before relaxing)
 .debug_str     0x000000000014c825      0x80e ./Core/Src/i2c.o
                                     0x14d05a (size before relaxing)
 .debug_str     0x000000000014d033      0x213 ./Core/Src/i2s.o
                                     0x14cf90 (size before relaxing)
 .debug_str     0x000000000014d246      0x2c1 ./Core/Src/ltdc.o
                                     0x14cd50 (size before relaxing)
 .debug_str     0x000000000014d507      0x35a ./Core/Src/main.o
                                     0x14cd45 (size before relaxing)
 .debug_str     0x000000000014d861      0x27c ./Core/Src/octospi.o
                                     0x14ccd2 (size before relaxing)
 .debug_str     0x000000000014dadd      0x1a5 ./Core/Src/rtc.o
                                     0x14cb60 (size before relaxing)
 .debug_str     0x000000000014dc82      0x239 ./Core/Src/sdmmc.o
                                     0x14c9e2 (size before relaxing)
 .debug_str     0x000000000014debb      0x207 ./Core/Src/spi.o
                                     0x14d047 (size before relaxing)
 .debug_str     0x000000000014e0c2       0x2c ./Core/Src/stm32h7xx_hal_msp.o
                                     0x14c5fb (size before relaxing)
 .debug_str     0x000000000014e0ee       0xc9 ./Core/Src/stm32h7xx_it.o
                                     0x14c439 (size before relaxing)
 .debug_str     0x000000000014e1b7      0x2f7 ./Core/Src/system_stm32h7xx.o
                                     0x14b584 (size before relaxing)
 .debug_str     0x000000000014e4ae      0x25f ./Core/Src/usart.o
                                     0x14d02e (size before relaxing)
 .debug_str     0x000000000014e70d       0x37 ./Core/Startup/startup_stm32h7b3lihxq.o
                                         0x71 (size before relaxing)
 .debug_str     0x000000000014e744      0xeed ./Drivers/STM32H7xx_HAL_Driver/Src/stm32h7xx_hal.o
                                     0x14c481 (size before relaxing)
 .debug_str     0x000000000014f631      0x344 ./Drivers/STM32H7xx_HAL_Driver/Src/stm32h7xx_hal_cortex.o
                                     0x14be91 (size before relaxing)
 .debug_str     0x000000000014f975       0xec ./Drivers/STM32H7xx_HAL_Driver/Src/stm32h7xx_hal_gpio.o
                                     0x14b535 (size before relaxing)
 .debug_str     0x000000000014fa61      0xe23 ./Drivers/STM32H7xx_HAL_Driver/Src/stm32h7xx_hal_i2c.o
                                     0x14c5ac (size before relaxing)
 .debug_str     0x0000000000150884       0xb8 ./Drivers/STM32H7xx_HAL_Driver/Src/stm32h7xx_hal_i2c_ex.o
                                     0x14b98e (size before relaxing)
 .debug_str     0x000000000015093c      0x3e6 ./Drivers/STM32H7xx_HAL_Driver/Src/stm32h7xx_hal_i2s.o
                                     0x14b9e2 (size before relaxing)
 .debug_str     0x0000000000150d22      0x494 ./Drivers/STM32H7xx_HAL_Driver/Src/stm32h7xx_hal_ltdc.o
                                     0x14b85d (size before relaxing)
 .debug_str     0x00000000001511b6      0x88b ./Drivers/STM32H7xx_HAL_Driver/Src/stm32h7xx_hal_ospi.o
                                     0x14bf89 (size before relaxing)
 .debug_str     0x0000000000151a41      0x285 ./Drivers/STM32H7xx_HAL_Driver/Src/stm32h7xx_hal_pwr.o
                                     0x14b50f (size before relaxing)
 .debug_str     0x0000000000151cc6      0x722 ./Drivers/STM32H7xx_HAL_Driver/Src/stm32h7xx_hal_pwr_ex.o
                                     0x14baba (size before relaxing)
 .debug_str     0x00000000001523e8      0x21c ./Drivers/STM32H7xx_HAL_Driver/Src/stm32h7xx_hal_rcc.o
                                     0x14b95d (size before relaxing)
 .debug_str     0x0000000000152604      0x5f6 ./Drivers/STM32H7xx_HAL_Driver/Src/stm32h7xx_hal_rcc_ex.o
                                     0x14bdc9 (size before relaxing)
 .debug_str     0x0000000000152bfa      0x3be ./Drivers/STM32H7xx_HAL_Driver/Src/stm32h7xx_hal_rtc.o
                                     0x14b725 (size before relaxing)
 .debug_str     0x0000000000152fb8      0x9fb ./Drivers/STM32H7xx_HAL_Driver/Src/stm32h7xx_hal_sd.o
                                     0x14bef5 (size before relaxing)
 .debug_str     0x00000000001539b3      0x3d4 ./Drivers/STM32H7xx_HAL_Driver/Src/stm32h7xx_hal_sdram.o
                                     0x14ba15 (size before relaxing)
 .debug_str     0x0000000000153d87      0x4b2 ./Drivers/STM32H7xx_HAL_Driver/Src/stm32h7xx_hal_spi.o
                                     0x14bc41 (size before relaxing)
 .debug_str     0x0000000000154239      0x9e3 ./Drivers/STM32H7xx_HAL_Driver/Src/stm32h7xx_hal_uart.o
                                     0x14c465 (size before relaxing)
 .debug_str     0x0000000000154c1c      0x253 ./Drivers/STM32H7xx_HAL_Driver/Src/stm32h7xx_hal_uart_ex.o
                                     0x14b9ea (size before relaxing)
 .debug_str     0x0000000000154e6f      0x73d ./Drivers/STM32H7xx_HAL_Driver/Src/stm32h7xx_ll_fmc.o
                                     0x14bac5 (size before relaxing)
 .debug_str     0x00000000001555ac      0x26e ./Drivers/STM32H7xx_HAL_Driver/Src/stm32h7xx_ll_sdmmc.o
                                     0x14b6e0 (size before relaxing)
 .debug_str     0x000000000015581a       0x3b ./led_rgb/led.o
                                     0x14c4a1 (size before relaxing)

.comment        0x0000000000000000       0x50
 .comment       0x0000000000000000       0x50 ./Core/Src/fmc.o
                                         0x51 (size before relaxing)
 .comment       0x0000000000000050       0x51 ./Core/Src/gpio.o
 .comment       0x0000000000000050       0x51 ./Core/Src/i2c.o
 .comment       0x0000000000000050       0x51 ./Core/Src/i2s.o
 .comment       0x0000000000000050       0x51 ./Core/Src/ltdc.o
 .comment       0x0000000000000050       0x51 ./Core/Src/main.o
 .comment       0x0000000000000050       0x51 ./Core/Src/octospi.o
 .comment       0x0000000000000050       0x51 ./Core/Src/rtc.o
 .comment       0x0000000000000050       0x51 ./Core/Src/sdmmc.o
 .comment       0x0000000000000050       0x51 ./Core/Src/spi.o
 .comment       0x0000000000000050       0x51 ./Core/Src/stm32h7xx_hal_msp.o
 .comment       0x0000000000000050       0x51 ./Core/Src/stm32h7xx_it.o
 .comment       0x0000000000000050       0x51 ./Core/Src/system_stm32h7xx.o
 .comment       0x0000000000000050       0x51 ./Core/Src/usart.o
 .comment       0x0000000000000050       0x51 ./Drivers/STM32H7xx_HAL_Driver/Src/stm32h7xx_hal.o
 .comment       0x0000000000000050       0x51 ./Drivers/STM32H7xx_HAL_Driver/Src/stm32h7xx_hal_cortex.o
 .comment       0x0000000000000050       0x51 ./Drivers/STM32H7xx_HAL_Driver/Src/stm32h7xx_hal_gpio.o
 .comment       0x0000000000000050       0x51 ./Drivers/STM32H7xx_HAL_Driver/Src/stm32h7xx_hal_i2c.o
 .comment       0x0000000000000050       0x51 ./Drivers/STM32H7xx_HAL_Driver/Src/stm32h7xx_hal_i2c_ex.o
 .comment       0x0000000000000050       0x51 ./Drivers/STM32H7xx_HAL_Driver/Src/stm32h7xx_hal_i2s.o
 .comment       0x0000000000000050       0x51 ./Drivers/STM32H7xx_HAL_Driver/Src/stm32h7xx_hal_ltdc.o
 .comment       0x0000000000000050       0x51 ./Drivers/STM32H7xx_HAL_Driver/Src/stm32h7xx_hal_ospi.o
 .comment       0x0000000000000050       0x51 ./Drivers/STM32H7xx_HAL_Driver/Src/stm32h7xx_hal_pwr.o
 .comment       0x0000000000000050       0x51 ./Drivers/STM32H7xx_HAL_Driver/Src/stm32h7xx_hal_pwr_ex.o
 .comment       0x0000000000000050       0x51 ./Drivers/STM32H7xx_HAL_Driver/Src/stm32h7xx_hal_rcc.o
 .comment       0x0000000000000050       0x51 ./Drivers/STM32H7xx_HAL_Driver/Src/stm32h7xx_hal_rcc_ex.o
 .comment       0x0000000000000050       0x51 ./Drivers/STM32H7xx_HAL_Driver/Src/stm32h7xx_hal_rtc.o
 .comment       0x0000000000000050       0x51 ./Drivers/STM32H7xx_HAL_Driver/Src/stm32h7xx_hal_sd.o
 .comment       0x0000000000000050       0x51 ./Drivers/STM32H7xx_HAL_Driver/Src/stm32h7xx_hal_sdram.o
 .comment       0x0000000000000050       0x51 ./Drivers/STM32H7xx_HAL_Driver/Src/stm32h7xx_hal_spi.o
 .comment       0x0000000000000050       0x51 ./Drivers/STM32H7xx_HAL_Driver/Src/stm32h7xx_hal_uart.o
 .comment       0x0000000000000050       0x51 ./Drivers/STM32H7xx_HAL_Driver/Src/stm32h7xx_hal_uart_ex.o
 .comment       0x0000000000000050       0x51 ./Drivers/STM32H7xx_HAL_Driver/Src/stm32h7xx_ll_fmc.o
 .comment       0x0000000000000050       0x51 ./Drivers/STM32H7xx_HAL_Driver/Src/stm32h7xx_ll_sdmmc.o
 .comment       0x0000000000000050       0x51 ./led_rgb/led.o

.debug_frame    0x0000000000000000     0x6f14
 .debug_frame   0x0000000000000000       0xbc ./Core/Src/fmc.o
 .debug_frame   0x00000000000000bc       0x38 ./Core/Src/gpio.o
 .debug_frame   0x00000000000000f4       0x78 ./Core/Src/i2c.o
 .debug_frame   0x000000000000016c       0x78 ./Core/Src/i2s.o
 .debug_frame   0x00000000000001e4       0x80 ./Core/Src/ltdc.o
 .debug_frame   0x0000000000000264       0x8c ./Core/Src/main.o
 .debug_frame   0x00000000000002f0       0x7c ./Core/Src/octospi.o
 .debug_frame   0x000000000000036c       0x78 ./Core/Src/rtc.o
 .debug_frame   0x00000000000003e4       0x74 ./Core/Src/sdmmc.o
 .debug_frame   0x0000000000000458       0x78 ./Core/Src/spi.o
 .debug_frame   0x00000000000004d0       0x38 ./Core/Src/stm32h7xx_hal_msp.o
 .debug_frame   0x0000000000000508      0x104 ./Core/Src/stm32h7xx_it.o
 .debug_frame   0x000000000000060c       0x58 ./Core/Src/system_stm32h7xx.o
 .debug_frame   0x0000000000000664       0x78 ./Core/Src/usart.o
 .debug_frame   0x00000000000006dc      0x6a8 ./Drivers/STM32H7xx_HAL_Driver/Src/stm32h7xx_hal.o
 .debug_frame   0x0000000000000d84      0x4b8 ./Drivers/STM32H7xx_HAL_Driver/Src/stm32h7xx_hal_cortex.o
 .debug_frame   0x000000000000123c      0x14c ./Drivers/STM32H7xx_HAL_Driver/Src/stm32h7xx_hal_gpio.o
 .debug_frame   0x0000000000001388      0xbf0 ./Drivers/STM32H7xx_HAL_Driver/Src/stm32h7xx_hal_i2c.o
 .debug_frame   0x0000000000001f78      0x100 ./Drivers/STM32H7xx_HAL_Driver/Src/stm32h7xx_hal_i2c_ex.o
 .debug_frame   0x0000000000002078      0x5ac ./Drivers/STM32H7xx_HAL_Driver/Src/stm32h7xx_hal_i2s.o
 .debug_frame   0x0000000000002624      0x61c ./Drivers/STM32H7xx_HAL_Driver/Src/stm32h7xx_hal_ltdc.o